Component: ARM Compiler 5.06 update 5 (build 528) Tool: armlink [4d35e2]

==============================================================================

Section Cross References

    system_stm32f7xx.o(i.SystemCoreClockUpdate) refers to system_stm32f7xx.o(.data) for .data
    system_stm32f7xx.o(i.SystemCoreClockUpdate) refers to system_stm32f7xx.o(.constdata) for .constdata
    stm32f7xx_hal_msp.o(i.HAL_MspInit) refers to stm32f7xx_hal_cortex.o(i.HAL_NVIC_SetPriorityGrouping) for HAL_NVIC_SetPriorityGrouping
    stm32f7xx_hal_msp.o(i.HAL_MspInit) refers to stm32f7xx_hal_cortex.o(i.HAL_NVIC_SetPriority) for HAL_NVIC_SetPriority
    main.o(i.HAL_TIM_PeriodElapsedCallback) refers to aerobeam.o(i.AB_timer_interrupt) for AB_timer_interrupt
    main.o(i.HAL_UART_RxCpltCallback) refers to aerobeam.o(i.AB_usart3_interrupt) for AB_usart3_interrupt
    main.o(i.HAL_UART_RxCpltCallback) refers to stm32f7xx_hal_uart.o(i.HAL_UART_Receive_IT) for HAL_UART_Receive_IT
    main.o(i.HAL_UART_RxCpltCallback) refers to aerobeam.o(.data) for usart3_rx_data
    main.o(i.HAL_UART_RxCpltCallback) refers to usart.o(.bss) for huart3
    main.o(i.SystemClock_Config) refers to stm32f7xx_hal_rcc.o(i.HAL_RCC_OscConfig) for HAL_RCC_OscConfig
    main.o(i.SystemClock_Config) refers to stm32f7xx_hal_pwr_ex.o(i.HAL_PWREx_EnableOverDrive) for HAL_PWREx_EnableOverDrive
    main.o(i.SystemClock_Config) refers to stm32f7xx_hal_rcc.o(i.HAL_RCC_ClockConfig) for HAL_RCC_ClockConfig
    main.o(i.SystemClock_Config) refers to stm32f7xx_hal_rcc_ex.o(i.HAL_RCCEx_PeriphCLKConfig) for HAL_RCCEx_PeriphCLKConfig
    main.o(i.SystemClock_Config) refers to stm32f7xx_hal_rcc.o(i.HAL_RCC_GetHCLKFreq) for HAL_RCC_GetHCLKFreq
    main.o(i.SystemClock_Config) refers to stm32f7xx_hal_cortex.o(i.HAL_SYSTICK_Config) for HAL_SYSTICK_Config
    main.o(i.SystemClock_Config) refers to stm32f7xx_hal_cortex.o(i.HAL_SYSTICK_CLKSourceConfig) for HAL_SYSTICK_CLKSourceConfig
    main.o(i.SystemClock_Config) refers to stm32f7xx_hal_cortex.o(i.HAL_NVIC_SetPriority) for HAL_NVIC_SetPriority
    main.o(i.main) refers to stm32f7xx_hal.o(i.HAL_Init) for HAL_Init
    main.o(i.main) refers to main.o(i.SystemClock_Config) for SystemClock_Config
    main.o(i.main) refers to gpio.o(i.MX_GPIO_Init) for MX_GPIO_Init
    main.o(i.main) refers to usb_device.o(i.MX_USB_DEVICE_Init) for MX_USB_DEVICE_Init
    main.o(i.main) refers to tim.o(i.MX_TIM6_Init) for MX_TIM6_Init
    main.o(i.main) refers to tim.o(i.MX_TIM4_Init) for MX_TIM4_Init
    main.o(i.main) refers to i2c.o(i.MX_I2C1_Init) for MX_I2C1_Init
    main.o(i.main) refers to usart.o(i.MX_USART3_UART_Init) for MX_USART3_UART_Init
    main.o(i.main) refers to stm32f7xx_hal_tim.o(i.HAL_TIM_PWM_Start) for HAL_TIM_PWM_Start
    main.o(i.main) refers to aerobeam.o(i.AB_setup) for AB_setup
    main.o(i.main) refers to stm32f7xx_hal_uart.o(i.HAL_UART_Receive_IT) for HAL_UART_Receive_IT
    main.o(i.main) refers to stm32f7xx_hal_tim.o(i.HAL_TIM_Base_Start_IT) for HAL_TIM_Base_Start_IT
    main.o(i.main) refers to aerobeam.o(i.AB_loop_while) for AB_loop_while
    main.o(i.main) refers to tim.o(.bss) for htim4
    main.o(i.main) refers to aerobeam.o(.data) for usart3_rx_data
    main.o(i.main) refers to usart.o(.bss) for huart3
    stm32f7xx_it.o(i.EXTI15_10_IRQHandler) refers to stm32f7xx_hal_gpio.o(i.HAL_GPIO_EXTI_IRQHandler) for HAL_GPIO_EXTI_IRQHandler
    stm32f7xx_it.o(i.OTG_FS_IRQHandler) refers to stm32f7xx_hal_pcd.o(i.HAL_PCD_IRQHandler) for HAL_PCD_IRQHandler
    stm32f7xx_it.o(i.OTG_FS_IRQHandler) refers to usbd_conf.o(.bss) for hpcd_USB_OTG_FS
    stm32f7xx_it.o(i.SysTick_Handler) refers to stm32f7xx_hal.o(i.HAL_IncTick) for HAL_IncTick
    stm32f7xx_it.o(i.SysTick_Handler) refers to stm32f7xx_hal_cortex.o(i.HAL_SYSTICK_IRQHandler) for HAL_SYSTICK_IRQHandler
    stm32f7xx_it.o(i.TIM6_DAC_IRQHandler) refers to stm32f7xx_hal_tim.o(i.HAL_TIM_IRQHandler) for HAL_TIM_IRQHandler
    stm32f7xx_it.o(i.TIM6_DAC_IRQHandler) refers to tim.o(.bss) for htim6
    stm32f7xx_it.o(i.USART3_IRQHandler) refers to stm32f7xx_hal_uart.o(i.HAL_UART_IRQHandler) for HAL_UART_IRQHandler
    stm32f7xx_it.o(i.USART3_IRQHandler) refers to usart.o(.bss) for huart3
    gpio.o(i.MX_GPIO_Init) refers to stm32f7xx_hal_gpio.o(i.HAL_GPIO_WritePin) for HAL_GPIO_WritePin
    gpio.o(i.MX_GPIO_Init) refers to stm32f7xx_hal_gpio.o(i.HAL_GPIO_Init) for HAL_GPIO_Init
    gpio.o(i.MX_GPIO_Init) refers to stm32f7xx_hal_cortex.o(i.HAL_NVIC_SetPriority) for HAL_NVIC_SetPriority
    gpio.o(i.MX_GPIO_Init) refers to stm32f7xx_hal_cortex.o(i.HAL_NVIC_EnableIRQ) for HAL_NVIC_EnableIRQ
    usbd_conf.o(i.HAL_PCDEx_LPM_Callback) refers to usbd_core.o(i.USBD_LL_Suspend) for USBD_LL_Suspend
    usbd_conf.o(i.HAL_PCDEx_LPM_Callback) refers to main.o(i.SystemClock_Config) for SystemClock_Config
    usbd_conf.o(i.HAL_PCDEx_LPM_Callback) refers to usbd_core.o(i.USBD_LL_Resume) for USBD_LL_Resume
[...]
    RTC_Alarm_IRQHandler                     0x08000227   Thumb Code     0  startup_stm32f767xx.o(.text)
    RTC_WKUP_IRQHandler                      0x08000227   Thumb Code     0  startup_stm32f767xx.o(.text)
    SAI1_IRQHandler                          0x08000227   Thumb Code     0  startup_stm32f767xx.o(.text)
    SAI2_IRQHandler                          0x08000227   Thumb Code     0  startup_stm32f767xx.o(.text)
    SDMMC1_IRQHandler                        0x08000227   Thumb Code     0  startup_stm32f767xx.o(.text)
    SDMMC2_IRQHandler                        0x08000227   Thumb Code     0  startup_stm32f767xx.o(.text)
    SPDIF_RX_IRQHandler                      0x08000227   Thumb Code     0  startup_stm32f767xx.o(.text)
    SPI1_IRQHandler                          0x08000227   Thumb Code     0  startup_stm32f767xx.o(.text)
    SPI2_IRQHandler                          0x08000227   Thumb Code     0  startup_stm32f767xx.o(.text)
    SPI3_IRQHandler                          0x08000227   Thumb Code     0  startup_stm32f767xx.o(.text)
    SPI4_IRQHandler                          0x08000227   Thumb Code     0  startup_stm32f767xx.o(.text)
    SPI5_IRQHandler                          0x08000227   Thumb Code     0  startup_stm32f767xx.o(.text)
    SPI6_IRQHandler                          0x08000227   Thumb Code     0  startup_stm32f767xx.o(.text)
    TAMP_STAMP_IRQHandler                    0x08000227   Thumb Code     0  startup_stm32f767xx.o(.text)
    TIM1_BRK_TIM9_IRQHandler                 0x08000227   Thumb Code     0  startup_stm32f767xx.o(.text)
    TIM1_CC_IRQHandler                       0x08000227   Thumb Code     0  startup_stm32f767xx.o(.text)
    TIM1_TRG_COM_TIM11_IRQHandler            0x08000227   Thumb Code     0  startup_stm32f767xx.o(.text)
    TIM1_UP_TIM10_IRQHandler                 0x08000227   Thumb Code     0  startup_stm32f767xx.o(.text)
    TIM2_IRQHandler                          0x08000227   Thumb Code     0  startup_stm32f767xx.o(.text)
    TIM3_IRQHandler                          0x08000227   Thumb Code     0  startup_stm32f767xx.o(.text)
    TIM4_IRQHandler                          0x08000227   Thumb Code     0  startup_stm32f767xx.o(.text)
    TIM5_IRQHandler                          0x08000227   Thumb Code     0  startup_stm32f767xx.o(.text)
    TIM7_IRQHandler                          0x08000227   Thumb Code     0  startup_stm32f767xx.o(.text)
    TIM8_BRK_TIM12_IRQHandler                0x08000227   Thumb Code     0  startup_stm32f767xx.o(.text)
    TIM8_CC_IRQHandler                       0x08000227   Thumb Code     0  startup_stm32f767xx.o(.text)
    TIM8_TRG_COM_TIM14_IRQHandler            0x08000227   Thumb Code     0  startup_stm32f767xx.o(.text)
    TIM8_UP_TIM13_IRQHandler                 0x08000227   Thumb Code     0  startup_stm32f767xx.o(.text)
    UART4_IRQHandler                         0x08000227   Thumb Code     0  startup_stm32f767xx.o(.text)
    UART5_IRQHandler                         0x08000227   Thumb Code     0  startup_stm32f767xx.o(.text)
    UART7_IRQHandler                         0x08000227   Thumb Code     0  startup_stm32f767xx.o(.text)
    UART8_IRQHandler                         0x08000227   Thumb Code     0  startup_stm32f767xx.o(.text)
    USART1_IRQHandler                        0x08000227   Thumb Code     0  startup_stm32f767xx.o(.text)
    USART2_IRQHandler                        0x08000227   Thumb Code     0  startup_stm32f767xx.o(.text)
    USART6_IRQHandler                        0x08000227   Thumb Code     0  startup_stm32f767xx.o(.text)
    WWDG_IRQHandler                          0x08000227   Thumb Code     0  startup_stm32f767xx.o(.text)
    __aeabi_memcpy                           0x08000231   Thumb Code    36  memcpya.o(.text)
    __aeabi_memcpy4                          0x08000231   Thumb Code     0  memcpya.o(.text)
    __aeabi_memcpy8                          0x08000231   Thumb Code     0  memcpya.o(.text)
    __aeabi_memset                           0x08000255   Thumb Code    14  memseta.o(.text)
    __aeabi_memset4                          0x08000255   Thumb Code     0  memseta.o(.text)
    __aeabi_memset8                          0x08000255   Thumb Code     0  memseta.o(.text)
    __aeabi_memclr                           0x08000263   Thumb Code     4  memseta.o(.text)
    __aeabi_memclr4                          0x08000263   Thumb Code     0  memseta.o(.text)
    __aeabi_memclr8                          0x08000263   Thumb Code     0  memseta.o(.text)
    _memset$wrapper                          0x08000267   Thumb Code    18  memseta.o(.text)
    strlen                                   0x08000279   Thumb Code    14  strlen.o(.text)
    __aeabi_uidiv                            0x08000287   Thumb Code     0  uidiv.o(.text)
    __aeabi_uidivmod                         0x08000287   Thumb Code    44  uidiv.o(.text)
    __aeabi_uldivmod                         0x080002b3   Thumb Code    98  uldiv.o(.text)
    __I$use$fp                               0x08000315   Thumb Code     0  iusefp.o(.text)
    __aeabi_dadd                             0x08000315   Thumb Code   322  dadd.o(.text)
    __aeabi_dsub                             0x08000457   Thumb Code     6  dadd.o(.text)
    __aeabi_drsub                            0x0800045d   Thumb Code     6  dadd.o(.text)
    __aeabi_dmul                             0x08000463   Thumb Code   228  dmul.o(.text)
    __aeabi_ddiv                             0x08000547   Thumb Code   222  ddiv.o(.text)
    __aeabi_d2ulz                            0x08000625   Thumb Code    48  dfixul.o(.text)
    __aeabi_cdrcmple                         0x08000655   Thumb Code    48  cdrcmple.o(.text)
    __scatterload                            0x08000685   Thumb Code    28  init.o(.text)
    __scatterload_rt2                        0x08000685   Thumb Code     0  init.o(.text)
    __aeabi_llsl                             0x080006a9   Thumb Code    30  llshl.o(.text)
    _ll_shift_l                              0x080006a9   Thumb Code     0  llshl.o(.text)
    __aeabi_llsr                             0x080006c7   Thumb Code    32  llushr.o(.text)
    _ll_ushift_r                             0x080006c7   Thumb Code     0  llushr.o(.text)
    __aeabi_lasr                             0x080006e7   Thumb Code    36  llsshr.o(.text)
    _ll_sshift_r                             0x080006e7   Thumb Code     0  llsshr.o(.text)
    _double_round                            0x0800070b   Thumb Code    30  depilogue.o(.text)
    _double_epilogue                         0x08000729   Thumb Code   156  depilogue.o(.text)
    __decompress                             0x080007c5   Thumb Code     0  __dczerorl2.o(.text)
    __decompress1                            0x080007c5   Thumb Code    86  __dczerorl2.o(.text)
    AB_CDC_receive_check                     0x0800081d   Thumb Code    30  aerobeam.o(i.AB_CDC_receive_check)
    AB_animation                             0x08000845   Thumb Code   186  aerobeam.o(i.AB_animation)
    AB_calculate_pwm                         0x08000909   Thumb Code   880  aerobeam.o(i.AB_calculate_pwm)
    AB_limit                                 0x08000c99   Thumb Code    34  aerobeam.o(i.AB_limit)
    AB_loop_100Hz                            0x08000cbd   Thumb Code    20  aerobeam.o(i.AB_loop_100Hz)
    AB_loop_10Hz                             0x08000cd5   Thumb Code    20  aerobeam.o(i.AB_loop_10Hz)
    AB_loop_20Hz                             0x08000ced   Thumb Code    22  aerobeam.o(i.AB_loop_20Hz)
    AB_loop_4Hz                              0x08000d09   Thumb Code    14  aerobeam.o(i.AB_loop_4Hz)
    AB_loop_while                            0x08000d1d   Thumb Code   164  aerobeam.o(i.AB_loop_while)
    AB_pwm_update                            0x08000dd1   Thumb Code    38  aerobeam.o(i.AB_pwm_update)
    AB_ros_receive                           0x08000dfd   Thumb Code   160  aerobeam.o(i.AB_ros_receive)
    AB_ros_transmit                          0x08000ea9   Thumb Code   180  aerobeam.o(i.AB_ros_transmit)
    AB_setup                                 0x08000f65   Thumb Code    42  aerobeam.o(i.AB_setup)
    AB_timer_interrupt                       0x08000fb1   Thumb Code   108  aerobeam.o(i.AB_timer_interrupt)
    AB_usart3_interrupt                      0x08001021   Thumb Code    24  aerobeam.o(i.AB_usart3_interrupt)
    BNO055                                   0x08001041   Thumb Code    12  bno055.o(i.BNO055)
    BNO055_Calibrate                         0x08001051   Thumb Code   516  bno055.o(i.BNO055_Calibrate)
    BNO055_Initialize                        0x08001369   Thumb Code   202  bno055.o(i.BNO055_Initialize)
    BNO055_PrepareToRead                     0x08001491   Thumb Code    28  bno055.o(i.BNO055_PrepareToRead)
    BNO055_Start                             0x080014b1   Thumb Code    50  bno055.o(i.BNO055_Start)
    BNO055_getCalibration                    0x08001509   Thumb Code   236  bno055.o(i.BNO055_getCalibration)
    BNO055_getSensorOffsets                  0x080016b1   Thumb Code    54  bno055.o(i.BNO055_getSensorOffsets)
    BNO055_isFullyCalibrated                 0x080016f1   Thumb Code    50  bno055.o(i.BNO055_isFullyCalibrated)
    BNO055_readEuler                         0x0800172d   Thumb Code   126  bno055.o(i.BNO055_readEuler)
    BNO055_setMode                           0x080017b9   Thumb Code    40  bno055.o(i.BNO055_setMode)
    BNO055_setSensorOffsets                  0x080017e9   Thumb Code    50  bno055.o(i.BNO055_setSensorOffsets)
    BNO055_storeCalibration                  0x08001825   Thumb Code   214  bno055.o(i.BNO055_storeCalibration)
    BusFault_Handler                         0x080019b9   Thumb Code     2  stm32f7xx_it.o(i.BusFault_Handler)
    CDC_Transmit_FS                          0x08001a15   Thumb Code    38  usbd_cdc_if.o(i.CDC_Transmit_FS)
    DebugMon_Handler                         0x08001a41   Thumb Code     2  stm32f7xx_it.o(i.DebugMon_Handler)
    EE_Format                                0x08001a43   Thumb Code    62  eeprom.o(i.EE_Format)
    EE_Read                                  0x08001a81   Thumb Code    24  eeprom.o(i.EE_Read)
    EE_Reads                                 0x08001a99   Thumb Code    46  eeprom.o(i.EE_Reads)
    EE_Write                                 0x08001ac9   Thumb Code   132  eeprom.o(i.EE_Write)
    EE_Writes                                0x08001b51   Thumb Code   128  eeprom.o(i.EE_Writes)
    EXTI15_10_IRQHandler                     0x08001bd5   Thumb Code     8  stm32f7xx_it.o(i.EXTI15_10_IRQHandler)
    FLASH_Erase_Sector                       0x08001bdd   Thumb Code    86  stm32f7xx_hal_flash_ex.o(i.FLASH_Erase_Sector)
    FLASH_WaitForLastOperation               0x08001d75   Thumb Code    76  stm32f7xx_hal_flash.o(i.FLASH_WaitForLastOperation)
    HAL_DMA_Abort_IT                         0x08001dc9   Thumb Code    36  stm32f7xx_hal_dma.o(i.HAL_DMA_Abort_IT)
    HAL_Delay                                0x08001ded   Thumb Code    22  stm32f7xx_hal.o(i.HAL_Delay)
    HAL_FLASHEx_Erase                        0x08001e05   Thumb Code   134  stm32f7xx_hal_flash_ex.o(i.HAL_FLASHEx_Erase)
    HAL_FLASH_Lock                           0x08001e95   Thumb Code    14  stm32f7xx_hal_flash.o(i.HAL_FLASH_Lock)
    HAL_FLASH_Program                        0x08001ea9   Thumb Code   122  stm32f7xx_hal_flash.o(i.HAL_FLASH_Program)
    HAL_FLASH_Unlock                         0x08001f2d   Thumb Code    28  stm32f7xx_hal_flash.o(i.HAL_FLASH_Unlock)
    HAL_GPIO_EXTI_Callback                   0x08001f55   Thumb Code     2  stm32f7xx_hal_gpio.o(i.HAL_GPIO_EXTI_Callback)
    HAL_GPIO_EXTI_IRQHandler                 0x08001f59   Thumb Code    18  stm32f7xx_hal_gpio.o(i.HAL_GPIO_EXTI_IRQHandler)
    HAL_GPIO_Init                            0x08001f71   Thumb Code   418  stm32f7xx_hal_gpio.o(i.HAL_GPIO_Init)
    HAL_GPIO_ReadPin                         0x08002149   Thumb Code    10  stm32f7xx_hal_gpio.o(i.HAL_GPIO_ReadPin)
    HAL_GPIO_TogglePin                       0x08002153   Thumb Code     8  stm32f7xx_hal_gpio.o(i.HAL_GPIO_TogglePin)
    HAL_GPIO_WritePin                        0x0800215b   Thumb Code    10  stm32f7xx_hal_gpio.o(i.HAL_GPIO_WritePin)
    HAL_GetTick                              0x08002165   Thumb Code     6  stm32f7xx_hal.o(i.HAL_GetTick)
    HAL_I2CEx_ConfigAnalogFilter             0x08002171   Thumb Code    88  stm32f7xx_hal_i2c_ex.o(i.HAL_I2CEx_ConfigAnalogFilter)
    HAL_I2CEx_ConfigDigitalFilter            0x080021c9   Thumb Code    84  stm32f7xx_hal_i2c_ex.o(i.HAL_I2CEx_ConfigDigitalFilter)
    HAL_I2C_Init                             0x0800221d   Thumb Code   180  stm32f7xx_hal_i2c.o(i.HAL_I2C_Init)
    HAL_I2C_Mem_Read                         0x080022d5   Thumb Code   360  stm32f7xx_hal_i2c.o(i.HAL_I2C_Mem_Read)
    HAL_I2C_Mem_Write                        0x08002441   Thumb Code   354  stm32f7xx_hal_i2c.o(i.HAL_I2C_Mem_Write)
    HAL_I2C_MspInit                          0x080025a9   Thumb Code    58  i2c.o(i.HAL_I2C_MspInit)
    HAL_IncTick                              0x080025f1   Thumb Code    10  stm32f7xx_hal.o(i.HAL_IncTick)
    HAL_Init                                 0x08002601   Thumb Code    22  stm32f7xx_hal.o(i.HAL_Init)
    HAL_InitTick                             0x08002619   Thumb Code    34  stm32f7xx_hal.o(i.HAL_InitTick)
    HAL_MspInit                              0x08002641   Thumb Code    88  stm32f7xx_hal_msp.o(i.HAL_MspInit)
    HAL_NVIC_EnableIRQ                       0x08002699   Thumb Code    22  stm32f7xx_hal_cortex.o(i.HAL_NVIC_EnableIRQ)
    HAL_NVIC_SetPriority                     0x080026b1   Thumb Code    60  stm32f7xx_hal_cortex.o(i.HAL_NVIC_SetPriority)
    HAL_NVIC_SetPriorityGrouping             0x080026f1   Thumb Code    28  stm32f7xx_hal_cortex.o(i.HAL_NVIC_SetPriorityGrouping)
    HAL_PCDEx_ActivateLPM                    0x08002715   Thumb Code    34  stm32f7xx_hal_pcd_ex.o(i.HAL_PCDEx_ActivateLPM)
    HAL_PCDEx_LPM_Callback                   0x0800273d   Thumb Code    92  usbd_conf.o(i.HAL_PCDEx_LPM_Callback)
    HAL_PCDEx_SetRxFiFo                      0x0800279d   Thumb Code     8  stm32f7xx_hal_pcd_ex.o(i.HAL_PCDEx_SetRxFiFo)
    HAL_PCDEx_SetTxFiFo                      0x080027a5   Thumb Code    72  stm32f7xx_hal_pcd_ex.o(i.HAL_PCDEx_SetTxFiFo)
    HAL_PCD_ConnectCallback                  0x080027ed   Thumb Code     8  usbd_conf.o(i.HAL_PCD_ConnectCallback)
    HAL_PCD_DataInStageCallback              0x080027f5   Thumb Code    18  usbd_conf.o(i.HAL_PCD_DataInStageCallback)
    HAL_PCD_DataOutStageCallback             0x08002807   Thumb Code    20  usbd_conf.o(i.HAL_PCD_DataOutStageCallback)
    HAL_PCD_DisconnectCallback               0x0800281b   Thumb Code     8  usbd_conf.o(i.HAL_PCD_DisconnectCallback)
    HAL_PCD_EP_Close                         0x08002823   Thumb Code    68  stm32f7xx_hal_pcd.o(i.HAL_PCD_EP_Close)
    HAL_PCD_EP_ClrStall                      0x08002867   Thumb Code    80  stm32f7xx_hal_pcd.o(i.HAL_PCD_EP_ClrStall)
    HAL_PCD_EP_GetRxCount                    0x080028b7   Thumb Code    20  stm32f7xx_hal_pcd.o(i.HAL_PCD_EP_GetRxCount)
    HAL_PCD_EP_Open                          0x080028cb   Thumb Code    86  stm32f7xx_hal_pcd.o(i.HAL_PCD_EP_Open)
    HAL_PCD_EP_Receive                       0x08002921   Thumb Code    68  stm32f7xx_hal_pcd.o(i.HAL_PCD_EP_Receive)
    HAL_PCD_EP_SetStall                      0x08002965   Thumb Code    96  stm32f7xx_hal_pcd.o(i.HAL_PCD_EP_SetStall)
    HAL_PCD_EP_Transmit                      0x080029c5   Thumb Code    68  stm32f7xx_hal_pcd.o(i.HAL_PCD_EP_Transmit)
    HAL_PCD_IRQHandler                       0x08002a09   Thumb Code  1320  stm32f7xx_hal_pcd.o(i.HAL_PCD_IRQHandler)
    HAL_PCD_ISOINIncompleteCallback          0x08002f79   Thumb Code     8  usbd_conf.o(i.HAL_PCD_ISOINIncompleteCallback)
    HAL_PCD_ISOOUTIncompleteCallback         0x08002f81   Thumb Code     8  usbd_conf.o(i.HAL_PCD_ISOOUTIncompleteCallback)
    HAL_PCD_Init                             0x08002f89   Thumb Code   208  stm32f7xx_hal_pcd.o(i.HAL_PCD_Init)
    HAL_PCD_MspInit                          0x08003059   Thumb Code    94  usbd_conf.o(i.HAL_PCD_MspInit)
    HAL_PCD_ResetCallback                    0x080030c1   Thumb Code    32  usbd_conf.o(i.HAL_PCD_ResetCallback)
    HAL_PCD_ResumeCallback                   0x080030e1   Thumb Code     8  usbd_conf.o(i.HAL_PCD_ResumeCallback)
    HAL_PCD_SOFCallback                      0x080030e9   Thumb Code     8  usbd_conf.o(i.HAL_PCD_SOFCallback)
    HAL_PCD_SetAddress                       0x080030f1   Thumb Code    36  stm32f7xx_hal_pcd.o(i.HAL_PCD_SetAddress)
    HAL_PCD_SetupStageCallback               0x08003115   Thumb Code    14  usbd_conf.o(i.HAL_PCD_SetupStageCallback)
    HAL_PCD_Start                            0x08003123   Thumb Code    42  stm32f7xx_hal_pcd.o(i.HAL_PCD_Start)
    HAL_PCD_SuspendCallback                  0x0800314d   Thumb Code    44  usbd_conf.o(i.HAL_PCD_SuspendCallback)
    HAL_PWREx_EnableOverDrive                0x0800317d   Thumb Code   100  stm32f7xx_hal_pwr_ex.o(i.HAL_PWREx_EnableOverDrive)
    HAL_RCCEx_PeriphCLKConfig                0x080031e9   Thumb Code  1336  stm32f7xx_hal_rcc_ex.o(i.HAL_RCCEx_PeriphCLKConfig)
    HAL_RCC_ClockConfig                      0x08003725   Thumb Code   258  stm32f7xx_hal_rcc.o(i.HAL_RCC_ClockConfig)
    HAL_RCC_GetHCLKFreq                      0x08003839   Thumb Code     6  stm32f7xx_hal_rcc.o(i.HAL_RCC_GetHCLKFreq)
    HAL_RCC_GetPCLK1Freq                     0x08003845   Thumb Code    20  stm32f7xx_hal_rcc.o(i.HAL_RCC_GetPCLK1Freq)
    HAL_RCC_GetPCLK2Freq                     0x08003865   Thumb Code    20  stm32f7xx_hal_rcc.o(i.HAL_RCC_GetPCLK2Freq)
    HAL_RCC_GetSysClockFreq                  0x08003885   Thumb Code    84  stm32f7xx_hal_rcc.o(i.HAL_RCC_GetSysClockFreq)
    HAL_RCC_OscConfig                        0x080038e1   Thumb Code   814  stm32f7xx_hal_rcc.o(i.HAL_RCC_OscConfig)
    HAL_SYSTICK_CLKSourceConfig              0x08003c1d   Thumb Code    24  stm32f7xx_hal_cortex.o(i.HAL_SYSTICK_CLKSourceConfig)
    HAL_SYSTICK_Callback                     0x08003c35   Thumb Code     2  stm32f7xx_hal_cortex.o(i.HAL_SYSTICK_Callback)
    HAL_SYSTICK_Config                       0x08003c37   Thumb Code    38  stm32f7xx_hal_cortex.o(i.HAL_SYSTICK_Config)
    HAL_SYSTICK_IRQHandler                   0x08003c5d   Thumb Code     8  stm32f7xx_hal_cortex.o(i.HAL_SYSTICK_IRQHandler)
    HAL_TIMEx_BreakCallback                  0x08003c65   Thumb Code     2  stm32f7xx_hal_tim_ex.o(i.HAL_TIMEx_BreakCallback)
    HAL_TIMEx_CommutationCallback            0x08003c67   Thumb Code     2  stm32f7xx_hal_tim_ex.o(i.HAL_TIMEx_CommutationCallback)
    HAL_TIMEx_MasterConfigSynchronization    0x08003c69   Thumb Code    78  stm32f7xx_hal_tim_ex.o(i.HAL_TIMEx_MasterConfigSynchronization)
    HAL_TIM_Base_Init                        0x08003cc1   Thumb Code    54  stm32f7xx_hal_tim.o(i.HAL_TIM_Base_Init)
    HAL_TIM_Base_MspInit                     0x08003cf9   Thumb Code    72  tim.o(i.HAL_TIM_Base_MspInit)
    HAL_TIM_Base_Start_IT                    0x08003d4d   Thumb Code    24  stm32f7xx_hal_tim.o(i.HAL_TIM_Base_Start_IT)
    HAL_TIM_ConfigClockSource                0x08003d65   Thumb Code   246  stm32f7xx_hal_tim.o(i.HAL_TIM_ConfigClockSource)
    HAL_TIM_IC_CaptureCallback               0x08003e61   Thumb Code     2  stm32f7xx_hal_tim.o(i.HAL_TIM_IC_CaptureCallback)
    HAL_TIM_IRQHandler                       0x08003e63   Thumb Code   382  stm32f7xx_hal_tim.o(i.HAL_TIM_IRQHandler)
    HAL_TIM_MspPostInit                      0x08003fe1   Thumb Code    42  tim.o(i.HAL_TIM_MspPostInit)
    HAL_TIM_OC_DelayElapsedCallback          0x08004015   Thumb Code     2  stm32f7xx_hal_tim.o(i.HAL_TIM_OC_DelayElapsedCallback)
    HAL_TIM_PWM_ConfigChannel                0x08004017   Thumb Code   296  stm32f7xx_hal_tim_ex.o(i.HAL_TIM_PWM_ConfigChannel)
    HAL_TIM_PWM_Init                         0x0800413f   Thumb Code    54  stm32f7xx_hal_tim.o(i.HAL_TIM_PWM_Init)
    HAL_TIM_PWM_MspInit                      0x08004175   Thumb Code     2  stm32f7xx_hal_tim.o(i.HAL_TIM_PWM_MspInit)
    HAL_TIM_PWM_PulseFinishedCallback        0x08004177   Thumb Code     2  stm32f7xx_hal_tim.o(i.HAL_TIM_PWM_PulseFinishedCallback)
    HAL_TIM_PWM_Start                        0x08004179   Thumb Code    48  stm32f7xx_hal_tim.o(i.HAL_TIM_PWM_Start)
    HAL_TIM_PeriodElapsedCallback            0x080041b1   Thumb Code    14  main.o(i.HAL_TIM_PeriodElapsedCallback)
    HAL_TIM_TriggerCallback                  0x080041c5   Thumb Code     2  stm32f7xx_hal_tim.o(i.HAL_TIM_TriggerCallback)
    HAL_UART_ErrorCallback                   0x080041c7   Thumb Code     2  stm32f7xx_hal_uart.o(i.HAL_UART_ErrorCallback)
    HAL_UART_IRQHandler                      0x080041c9   Thumb Code   372  stm32f7xx_hal_uart.o(i.HAL_UART_IRQHandler)
    HAL_UART_Init                            0x08004341   Thumb Code   106  stm32f7xx_hal_uart.o(i.HAL_UART_Init)
    HAL_UART_MspInit                         0x080043ad   Thumb Code    74  usart.o(i.HAL_UART_MspInit)
    HAL_UART_Receive_IT                      0x08004405   Thumb Code   142  stm32f7xx_hal_uart.o(i.HAL_UART_Receive_IT)
    HAL_UART_RxCpltCallback                  0x08004495   Thumb Code    28  main.o(i.HAL_UART_RxCpltCallback)
    HAL_UART_Transmit                        0x080044bd   Thumb Code   182  stm32f7xx_hal_uart.o(i.HAL_UART_Transmit)
    HAL_UART_TxCpltCallback                  0x08004573   Thumb Code     2  stm32f7xx_hal_uart.o(i.HAL_UART_TxCpltCallback)
    HardFault_Handler                        0x08004575   Thumb Code     2  stm32f7xx_it.o(i.HardFault_Handler)
    MX_GPIO_Init                             0x0800480d   Thumb Code   210  gpio.o(i.MX_GPIO_Init)
    MX_I2C1_Init                             0x080048f5   Thumb Code    88  i2c.o(i.MX_I2C1_Init)
    MX_TIM4_Init                             0x08004969   Thumb Code   206  tim.o(i.MX_TIM4_Init)
    MX_TIM6_Init                             0x08004a51   Thumb Code    64  tim.o(i.MX_TIM6_Init)
    MX_USART3_UART_Init                      0x08004aa9   Thumb Code    56  usart.o(i.MX_USART3_UART_Init)
    MX_USB_DEVICE_Init                       0x08004af9   Thumb Code    38  usb_device.o(i.MX_USB_DEVICE_Init)
    MemManage_Handler                        0x08004b31   Thumb Code     2  stm32f7xx_it.o(i.MemManage_Handler)
    NMI_Handler                              0x08004b33   Thumb Code     2  stm32f7xx_it.o(i.NMI_Handler)
    OTG_FS_IRQHandler                        0x08004b59   Thumb Code     6  stm32f7xx_it.o(i.OTG_FS_IRQHandler)
    PendSV_Handler                           0x08004bfb   Thumb Code     2  stm32f7xx_it.o(i.PendSV_Handler)
    Receive_Check                            0x08004bfd   Thumb Code    96  aerobeam.o(i.Receive_Check)
    SVC_Handler                              0x08004c69   Thumb Code     2  stm32f7xx_it.o(i.SVC_Handler)
    Stop                                     0x08004c6d   Thumb Code    62  aerobeam.o(i.Stop)
    SysTick_Handler                          0x08004cb1   Thumb Code    14  stm32f7xx_it.o(i.SysTick_Handler)
    SystemClock_Config                       0x08004cc1   Thumb Code   178  main.o(i.SystemClock_Config)
    SystemInit                               0x08004d81   Thumb Code    68  system_stm32f7xx.o(i.SystemInit)
    TIM6_DAC_IRQHandler                      0x08004dd5   Thumb Code     6  stm32f7xx_it.o(i.TIM6_DAC_IRQHandler)
    TIM_Base_SetConfig                       0x08004de1   Thumb Code   158  stm32f7xx_hal_tim.o(i.TIM_Base_SetConfig)
    TIM_CCxChannelCmd                        0x08004ead   Thumb Code    22  stm32f7xx_hal_tim.o(i.TIM_CCxChannelCmd)
    TIM_ETR_SetConfig                        0x08004ec3   Thumb Code    18  stm32f7xx_hal_tim.o(i.TIM_ETR_SetConfig)
    TIM_OC1_SetConfig                        0x08004ee5   Thumb Code    90  stm32f7xx_hal_tim.o(i.TIM_OC1_SetConfig)
    TIM_OC2_SetConfig                        0x08004f4d   Thumb Code    96  stm32f7xx_hal_tim.o(i.TIM_OC2_SetConfig)
    TIM_OC3_SetConfig                        0x08004fb9   Thumb Code    96  stm32f7xx_hal_tim.o(i.TIM_OC3_SetConfig)
    TIM_OC4_SetConfig                        0x08005025   Thumb Code    76  stm32f7xx_hal_tim.o(i.TIM_OC4_SetConfig)
    Tprint                                   0x08005175   Thumb Code    84  aerobeam.o(i.Tprint)
    Transmit                                 0x08005211   Thumb Code    40  bno055.o(i.Transmit)
    UART_AdvFeatureConfig                    0x0800523d   Thumb Code   200  stm32f7xx_hal_uart.o(i.UART_AdvFeatureConfig)
    UART_CheckIdleState                      0x08005305   Thumb Code    64  stm32f7xx_hal_uart.o(i.UART_CheckIdleState)
    UART_SetConfig                           0x080053ed   Thumb Code   550  stm32f7xx_hal_uart.o(i.UART_SetConfig)
    UART_WaitOnFlagUntilTimeout              0x08005645   Thumb Code   100  stm32f7xx_hal_uart.o(i.UART_WaitOnFlagUntilTimeout)
    USART3_IRQHandler                        0x080056a9   Thumb Code     6  stm32f7xx_it.o(i.USART3_IRQHandler)
    USBD_CDC_GetDeviceQualifierDescriptor    0x08005759   Thumb Code     8  usbd_cdc.o(i.USBD_CDC_GetDeviceQualifierDescriptor)
    USBD_CDC_ReceivePacket                   0x08005811   Thumb Code    40  usbd_cdc.o(i.USBD_CDC_ReceivePacket)
    USBD_CDC_RegisterInterface               0x08005839   Thumb Code    20  usbd_cdc.o(i.USBD_CDC_RegisterInterface)
    USBD_CDC_SetRxBuffer                     0x0800584d   Thumb Code    12  usbd_cdc.o(i.USBD_CDC_SetRxBuffer)
    USBD_CDC_SetTxBuffer                     0x08005859   Thumb Code    16  usbd_cdc.o(i.USBD_CDC_SetTxBuffer)
    USBD_CDC_TransmitPacket                  0x080058d9   Thumb Code    48  usbd_cdc.o(i.USBD_CDC_TransmitPacket)
    USBD_ClrClassConfig                      0x08005909   Thumb Code    14  usbd_core.o(i.USBD_ClrClassConfig)
    USBD_CtlContinueRx                       0x08005917   Thumb Code    16  usbd_ioreq.o(i.USBD_CtlContinueRx)
    USBD_CtlContinueSendData                 0x08005927   Thumb Code    16  usbd_ioreq.o(i.USBD_CtlContinueSendData)
    USBD_CtlError                            0x08005937   Thumb Code    22  usbd_ctlreq.o(i.USBD_CtlError)
    USBD_CtlPrepareRx                        0x0800594d   Thumb Code    30  usbd_ioreq.o(i.USBD_CtlPrepareRx)
    USBD_CtlReceiveStatus                    0x0800596b   Thumb Code    22  usbd_ioreq.o(i.USBD_CtlReceiveStatus)
    USBD_CtlSendData                         0x08005981   Thumb Code    26  usbd_ioreq.o(i.USBD_CtlSendData)
    USBD_CtlSendStatus                       0x0800599b   Thumb Code    22  usbd_ioreq.o(i.USBD_CtlSendStatus)
    USBD_FS_ConfigStrDescriptor              0x080059b1   Thumb Code    16  usbd_desc.o(i.USBD_FS_ConfigStrDescriptor)
    USBD_FS_DeviceDescriptor                 0x080059d1   Thumb Code     8  usbd_desc.o(i.USBD_FS_DeviceDescriptor)
    USBD_FS_InterfaceStrDescriptor           0x080059dd   Thumb Code    16  usbd_desc.o(i.USBD_FS_InterfaceStrDescriptor)
    USBD_FS_LangIDStrDescriptor              0x08005a01   Thumb Code     8  usbd_desc.o(i.USBD_FS_LangIDStrDescriptor)
    USBD_FS_ManufacturerStrDescriptor        0x08005a0d   Thumb Code    16  usbd_desc.o(i.USBD_FS_ManufacturerStrDescriptor)
    USBD_FS_ProductStrDescriptor             0x08005a35   Thumb Code    16  usbd_desc.o(i.USBD_FS_ProductStrDescriptor)
    USBD_FS_SerialStrDescriptor              0x08005a61   Thumb Code    16  usbd_desc.o(i.USBD_FS_SerialStrDescriptor)
    USBD_FS_USR_BOSDescriptor                0x08005a85   Thumb Code     8  usbd_desc.o(i.USBD_FS_USR_BOSDescriptor)
    USBD_GetString                           0x08005b87   Thumb Code    72  usbd_ctlreq.o(i.USBD_GetString)
    USBD_Init                                0x08005bcf   Thumb Code    42  usbd_core.o(i.USBD_Init)
    USBD_LL_ClearStallEP                     0x08005bf9   Thumb Code    32  usbd_conf.o(i.USBD_LL_ClearStallEP)
    USBD_LL_CloseEP                          0x08005c19   Thumb Code    32  usbd_conf.o(i.USBD_LL_CloseEP)
    USBD_LL_DataInStage                      0x08005c39   Thumb Code   170  usbd_core.o(i.USBD_LL_DataInStage)
    USBD_LL_DataOutStage                     0x08005ce3   Thumb Code   106  usbd_core.o(i.USBD_LL_DataOutStage)
    USBD_LL_DevConnected                     0x08005d4d   Thumb Code     4  usbd_core.o(i.USBD_LL_DevConnected)
    USBD_LL_DevDisconnected                  0x08005d51   Thumb Code    22  usbd_core.o(i.USBD_LL_DevDisconnected)
    USBD_LL_GetRxDataSize                    0x08005d67   Thumb Code     8  usbd_conf.o(i.USBD_LL_GetRxDataSize)
    USBD_LL_Init                             0x08005d71   Thumb Code    98  usbd_conf.o(i.USBD_LL_Init)
    USBD_LL_IsStallEP                        0x08005ded   Thumb Code    32  usbd_conf.o(i.USBD_LL_IsStallEP)
    USBD_LL_IsoINIncomplete                  0x08005e0d   Thumb Code     4  usbd_core.o(i.USBD_LL_IsoINIncomplete)
    USBD_LL_IsoOUTIncomplete                 0x08005e11   Thumb Code     4  usbd_core.o(i.USBD_LL_IsoOUTIncomplete)
    USBD_LL_OpenEP                           0x08005e15   Thumb Code    38  usbd_conf.o(i.USBD_LL_OpenEP)
    USBD_LL_PrepareReceive                   0x08005e3b   Thumb Code    32  usbd_conf.o(i.USBD_LL_PrepareReceive)
    USBD_LL_Reset                            0x08005e5b   Thumb Code    64  usbd_core.o(i.USBD_LL_Reset)
    USBD_LL_Resume                           0x08005e9b   Thumb Code    12  usbd_core.o(i.USBD_LL_Resume)
    USBD_LL_SOF                              0x08005ea7   Thumb Code    24  usbd_core.o(i.USBD_LL_SOF)
    USBD_LL_SetSpeed                         0x08005ebf   Thumb Code     6  usbd_core.o(i.USBD_LL_SetSpeed)
    USBD_LL_SetUSBAddress                    0x08005ec5   Thumb Code    32  usbd_conf.o(i.USBD_LL_SetUSBAddress)
    USBD_LL_SetupStage                       0x08005ee5   Thumb Code    86  usbd_core.o(i.USBD_LL_SetupStage)
    USBD_LL_StallEP                          0x08005f3b   Thumb Code    32  usbd_conf.o(i.USBD_LL_StallEP)
    USBD_LL_Start                            0x08005f5b   Thumb Code    32  usbd_conf.o(i.USBD_LL_Start)
    USBD_LL_Suspend                          0x08005f7b   Thumb Code    18  usbd_core.o(i.USBD_LL_Suspend)
    USBD_LL_Transmit                         0x08005f8d   Thumb Code    32  usbd_conf.o(i.USBD_LL_Transmit)
    USBD_ParseSetupRequest                   0x08005fad   Thumb Code    40  usbd_ctlreq.o(i.USBD_ParseSetupRequest)
    USBD_RegisterClass                       0x08005fd5   Thumb Code    18  usbd_core.o(i.USBD_RegisterClass)
    USBD_SetClassConfig                      0x08005fe7   Thumb Code    22  usbd_core.o(i.USBD_SetClassConfig)
    USBD_Start                               0x08006071   Thumb Code    10  usbd_core.o(i.USBD_Start)
    USBD_StdDevReq                           0x0800607b   Thumb Code   242  usbd_ctlreq.o(i.USBD_StdDevReq)
    USBD_StdEPReq                            0x0800616d   Thumb Code   222  usbd_ctlreq.o(i.USBD_StdEPReq)
    USBD_StdItfReq                           0x0800624b   Thumb Code    52  usbd_ctlreq.o(i.USBD_StdItfReq)
    USB_ActivateEndpoint                     0x08006281   Thumb Code   124  stm32f7xx_ll_usb.o(i.USB_ActivateEndpoint)
    USB_ActivateSetup                        0x08006301   Thumb Code    52  stm32f7xx_ll_usb.o(i.USB_ActivateSetup)
    USB_CoreInit                             0x08006335   Thumb Code   106  stm32f7xx_ll_usb.o(i.USB_CoreInit)
    USB_DeactivateEndpoint                   0x080063dd   Thumb Code   110  stm32f7xx_ll_usb.o(i.USB_DeactivateEndpoint)
    USB_DevConnect                           0x0800644b   Thumb Code    24  stm32f7xx_ll_usb.o(i.USB_DevConnect)
    USB_DevDisconnect                        0x08006463   Thumb Code    24  stm32f7xx_ll_usb.o(i.USB_DevDisconnect)
    USB_DevInit                              0x0800647d   Thumb Code   342  stm32f7xx_ll_usb.o(i.USB_DevInit)
    USB_DisableGlobalInt                     0x080065e5   Thumb Code    12  stm32f7xx_ll_usb.o(i.USB_DisableGlobalInt)
    USB_EP0StartXfer                         0x080065f1   Thumb Code   316  stm32f7xx_ll_usb.o(i.USB_EP0StartXfer)
    USB_EP0_OutStart                         0x08006731   Thumb Code    62  stm32f7xx_ll_usb.o(i.USB_EP0_OutStart)
    USB_EPClearStall                         0x0800676f   Thumb Code   100  stm32f7xx_ll_usb.o(i.USB_EPClearStall)
    USB_EPSetStall                           0x080067d3   Thumb Code    94  stm32f7xx_ll_usb.o(i.USB_EPSetStall)
    USB_EPStartXfer                          0x08006831   Thumb Code   534  stm32f7xx_ll_usb.o(i.USB_EPStartXfer)
    USB_EnableGlobalInt                      0x08006a4d   Thumb Code    12  stm32f7xx_ll_usb.o(i.USB_EnableGlobalInt)
    USB_FlushRxFifo                          0x08006a59   Thumb Code    28  stm32f7xx_ll_usb.o(i.USB_FlushRxFifo)
    USB_FlushTxFifo                          0x08006a79   Thumb Code    32  stm32f7xx_ll_usb.o(i.USB_FlushTxFifo)
    USB_GetDevSpeed                          0x08006a9d   Thumb Code    62  stm32f7xx_ll_usb.o(i.USB_GetDevSpeed)
    USB_GetMode                              0x08006adb   Thumb Code     8  stm32f7xx_ll_usb.o(i.USB_GetMode)
    USB_ReadDevAllInEpInterrupt              0x08006ae3   Thumb Code    14  stm32f7xx_ll_usb.o(i.USB_ReadDevAllInEpInterrupt)
    USB_ReadDevAllOutEpInterrupt             0x08006af1   Thumb Code    14  stm32f7xx_ll_usb.o(i.USB_ReadDevAllOutEpInterrupt)
    USB_ReadDevInEPInterrupt                 0x08006aff   Thumb Code    32  stm32f7xx_ll_usb.o(i.USB_ReadDevInEPInterrupt)
    USB_ReadDevOutEPInterrupt                0x08006b1f   Thumb Code    16  stm32f7xx_ll_usb.o(i.USB_ReadDevOutEPInterrupt)
    USB_ReadInterrupts                       0x08006b2f   Thumb Code     8  stm32f7xx_ll_usb.o(i.USB_ReadInterrupts)
    USB_ReadPacket                           0x08006b37   Thumb Code    30  stm32f7xx_ll_usb.o(i.USB_ReadPacket)
    USB_SetCurrentMode                       0x08006b55   Thumb Code    44  stm32f7xx_ll_usb.o(i.USB_SetCurrentMode)
    USB_SetDevAddress                        0x08006b81   Thumb Code    34  stm32f7xx_ll_usb.o(i.USB_SetDevAddress)
    USB_WritePacket                          0x08006ba5   Thumb Code    44  stm32f7xx_ll_usb.o(i.USB_WritePacket)
    UsageFault_Handler                       0x08006bd1   Thumb Code     2  stm32f7xx_it.o(i.UsageFault_Handler)
    _Error_Handler                           0x08006bd3   Thumb Code     2  main.o(i._Error_Handler)
    __0vsprintf                              0x08006bd5   Thumb Code    30  printfa.o(i.__0vsprintf)
    __1vsprintf                              0x08006bd5   Thumb Code     0  printfa.o(i.__0vsprintf)
    __2vsprintf                              0x08006bd5   Thumb Code     0  printfa.o(i.__0vsprintf)
    __c89vsprintf                            0x08006bd5   Thumb Code     0  printfa.o(i.__0vsprintf)
    vsprintf                                 0x08006bd5   Thumb Code     0  printfa.o(i.__0vsprintf)
    __scatterload_copy                       0x08006bf9   Thumb Code    14  handlers.o(i.__scatterload_copy)
    __scatterload_null                       0x08006c07   Thumb Code     2  handlers.o(i.__scatterload_null)
    __scatterload_zeroinit                   0x08006c09   Thumb Code    14  handlers.o(i.__scatterload_zeroinit)
    calculateLRC                             0x080074d5   Thumb Code    24  aerobeam.o(i.calculateLRC)
    free                                     0x080074ed   Thumb Code    76  malloc.o(i.free)
    is_Ros_Disconnected                      0x0800753d   Thumb Code    64  aerobeam.o(i.is_Ros_Disconnected)
    main                                     0x08007581   Thumb Code    90  main.o(i.main)
    malloc                                   0x080075ed   Thumb Code    92  malloc.o(i.malloc)
    AHBPrescTable                            0x08007658   Data          16  system_stm32f7xx.o(.constdata)
    APBPrescTable                            0x08007668   Data           8  system_stm32f7xx.o(.constdata)
    Region$$Table$$Base                      0x080079d0   Number         0  anon$$obj.o(Region$$Table)
    Region$$Table$$Limit                     0x080079f0   Number         0  anon$$obj.o(Region$$Table)
    SystemCoreClock                          0x20000000   Data           4  system_stm32f7xx.o(.data)
    USBD_Interface_fops_FS                   0x20000004   Data          16  usbd_cdc_if.o(.data)
    FS_Desc                                  0x20000014   Data          32  usbd_desc.o(.data)
    USBD_LangIDDesc                          0x20000034   Data           4  usbd_desc.o(.data)
    USBD_FS_DeviceDesc                       0x20000038   Data          18  usbd_desc.o(.data)
    USBD_FS_BOSDesc                          0x2000004c   Data          12  usbd_desc.o(.data)
    CDCReceiveNewData                        0x20000058   Data           1  aerobeam.o(.data)
    stop_count                               0x20000059   Data           1  aerobeam.o(.data)
    usart_count                              0x2000005a   Data           1  aerobeam.o(.data)
    motors_armed                             0x2000005b   Data           1  aerobeam.o(.data)
    ros_tx_size                              0x2000005c   Data           1  aerobeam.o(.data)
    emergency                                0x2000005d   Data           1  aerobeam.o(.data)
    motor1                                   0x2000005e   Data           2  aerobeam.o(.data)
    motor2                                   0x20000060   Data           2  aerobeam.o(.data)
    motor3                                   0x20000062   Data           2  aerobeam.o(.data)
    motor4                                   0x20000064   Data           2  aerobeam.o(.data)
    ros_count                                0x20000066   Data           2  aerobeam.o(.data)
    command                                  0x20000068   Data           2  aerobeam.o(.data)
    ros_rcv_err_count                        0x2000006a   Data           2  aerobeam.o(.data)
    roll_ref                                 0x2000006c   Data           2  aerobeam.o(.data)
    pitch_ref                                0x2000006e   Data           2  aerobeam.o(.data)
    yaw_ref                                  0x20000070   Data           2  aerobeam.o(.data)
    thr_ref                                  0x20000072   Data           2  aerobeam.o(.data)
    loop_counter                             0x20000074   Data           2  aerobeam.o(.data)
    usart3_rx_data                           0x20000076   Data           2  aerobeam.o(.data)
    heartbeat                                0x20000078   Data           4  aerobeam.o(.data)
    gain                                     0x2000007c   Data           4  aerobeam.o(.data)
    roll_KP                                  0x20000080   Data           4  aerobeam.o(.data)
    roll_KI                                  0x20000084   Data           4  aerobeam.o(.data)
    roll_KD                                  0x20000088   Data           4  aerobeam.o(.data)
    pitch_KP                                 0x2000008c   Data           4  aerobeam.o(.data)
    pitch_KI                                 0x20000090   Data           4  aerobeam.o(.data)
    pitch_KD                                 0x20000094   Data           4  aerobeam.o(.data)
    yaw_KP                                   0x20000098   Data           4  aerobeam.o(.data)
    yaw_KI                                   0x2000009c   Data           4  aerobeam.o(.data)
    yaw_KD                                   0x200000a0   Data           4  aerobeam.o(.data)
    roll_P                                   0x200000a4   Data           4  aerobeam.o(.data)
    roll_I                                   0x200000a8   Data           4  aerobeam.o(.data)
    roll_D                                   0x200000ac   Data           4  aerobeam.o(.data)
    pitch_P                                  0x200000b0   Data           4  aerobeam.o(.data)
    pitch_I                                  0x200000b4   Data           4  aerobeam.o(.data)
    pitch_D                                  0x200000b8   Data           4  aerobeam.o(.data)
    yaw_P                                    0x200000bc   Data           4  aerobeam.o(.data)
    yaw_I                                    0x200000c0   Data           4  aerobeam.o(.data)
    yaw_D                                    0x200000c4   Data           4  aerobeam.o(.data)
    roll_I_limit                             0x200000c8   Data           4  aerobeam.o(.data)
    pitch_I_limit                            0x200000cc   Data           4  aerobeam.o(.data)
    yaw_I_limit                              0x200000d0   Data           4  aerobeam.o(.data)
    roll_error                               0x200000d4   Data           4  aerobeam.o(.data)
    pitch_error                              0x200000d8   Data           4  aerobeam.o(.data)
    yaw_error                                0x200000dc   Data           4  aerobeam.o(.data)
    roll_error_old                           0x200000e0   Data           4  aerobeam.o(.data)
    pitch_error_old                          0x200000e4   Data           4  aerobeam.o(.data)
    yaw_error_old                            0x200000e8   Data           4  aerobeam.o(.data)
    roll_error_sum                           0x200000ec   Data           4  aerobeam.o(.data)
    pitch_error_sum                          0x200000f0   Data           4  aerobeam.o(.data)
    yaw_error_sum                            0x200000f4   Data           4  aerobeam.o(.data)
    yaw_jump_prevention_limit                0x200000f8   Data           4  aerobeam.o(.data)
    yaw_ref_sum                              0x200000fc   Data           4  aerobeam.o(.data)
    roll_motor                               0x20000100   Data           4  aerobeam.o(.data)
    pitch_motor                              0x20000104   Data           4  aerobeam.o(.data)
    yaw_motor                                0x20000108   Data           4  aerobeam.o(.data)
    dt                                       0x2000010c   Data           4  aerobeam.o(.data)
    board_roll_offset                        0x20000110   Data           4  aerobeam.o(.data)
    board_pitch_offset                       0x20000114   Data           4  aerobeam.o(.data)
    euler_x                                  0x20000118   Data           4  aerobeam.o(.data)
    euler_y                                  0x2000011c   Data           4  aerobeam.o(.data)
    euler_z                                  0x20000120   Data           4  aerobeam.o(.data)
    heartbeat_prev                           0x20000124   Data           4  aerobeam.o(.data)
    euler_z_sum                              0x20000128   Data           4  aerobeam.o(.data)
    euler_z_old                              0x2000012c   Data           4  aerobeam.o(.data)
    CDCReceiveLength                         0x20000130   Data           4  aerobeam.o(.data)
    success                                  0x20000134   Data           1  bno055.o(.data)
    newCalib                                 0x20000135   Data           1  bno055.o(.data)
    bnoID                                    0x20000136   Data           1  bno055.o(.data)
    bno                                      0x20000137   Data           3  bno055.o(.data)
    huart                                    0x2000013c   Data           4  bno055.o(.data)
    uwTick                                   0x20000140   Data           4  stm32f7xx_hal.o(.data)
    USBD_CDC_CfgHSDesc                       0x20000158   Data          67  usbd_cdc.o(.data)
    USBD_CDC_CfgFSDesc                       0x2000019c   Data          67  usbd_cdc.o(.data)
    USBD_CDC_OtherSpeedCfgDesc               0x200001e0   Data          67  usbd_cdc.o(.data)
    USBD_CDC                                 0x20000224   Data          56  usbd_cdc.o(.data)
    __microlib_freelist                      0x2000025c   Data           4  mvars.o(.data)
    __microlib_freelist_initialised          0x20000260   Data           4  mvars.o(.data)
    hpcd_USB_OTG_FS                          0x20000264   Data        1024  usbd_conf.o(.bss)
    UserRxBufferFS                           0x20000664   Data          64  usbd_cdc_if.o(.bss)
    UserTxBufferFS                           0x200006a4   Data          64  usbd_cdc_if.o(.bss)
    hUsbDeviceFS                             0x200006e4   Data         548  usb_device.o(.bss)
    USBD_StrDesc                             0x20000908   Data         512  usbd_desc.o(.bss)
    htim4                                    0x20000b08   Data          64  tim.o(.bss)
    htim6                                    0x20000b48   Data          64  tim.o(.bss)
    cdc_tr_buff                              0x20000b88   Data         128  aerobeam.o(.bss)
    ros_tx_buf                               0x20000c08   Data          33  aerobeam.o(.bss)
    ros_tx_data                              0x20000c29   Data          28  aerobeam.o(.bss)
    hi2c1                                    0x20000c48   Data          76  i2c.o(.bss)
    huart3                                   0x20000c94   Data         112  usart.o(.bss)
    tx_buff                                  0x20000d04   Data         128  bno055.o(.bss)
    EEPROMSectorBackup                       0x20000d84   Data       65536  eeprom.o(.bss)
    pFlash                                   0x20010d84   Data          28  stm32f7xx_hal_flash.o(.bss)
    __heap_base                              0x20010da0   Data           0  startup_stm32f767xx.o(HEAP)
    __heap_limit                             0x20012da0   Data           0  startup_stm32f767xx.o(HEAP)
    __initial_sp                             0x20016da0   Data           0  startup_stm32f767xx.o(STACK)



==============================================================================

Memory Map of the image

  Image Entry point : 0x080001f9

  Load Region LR_IROM1 (Base: 0x08000000, Size: 0x00007c54, Max: 0x00200000, ABSOLUTE, COMPRESSED[0x00007b00])

    Execution Region ER_IROM1 (Exec base: 0x08000000, Load base: 0x08000000, Size: 0x000079f0, Max: 0x00200000, ABSOLUTE)

    Exec Addr    Load Addr    Size         Type   Attr      Idx    E Section Name        Object

    0x08000000   0x08000000   0x000001f8   Data   RO         1256    RESET               startup_stm32f767xx.o
    0x080001f8   0x080001f8   0x00000000   Code   RO         4910  * .ARM.Collect$$$$00000000  mc_w.l(entry.o)
    0x080001f8   0x080001f8   0x00000004   Code   RO         4977    .ARM.Collect$$$$00000001  mc_w.l(entry2.o)
    0x080001fc   0x080001fc   0x00000004   Code   RO         4980    .ARM.Collect$$$$00000004  mc_w.l(entry5.o)
    0x08000200   0x08000200   0x00000000   Code   RO         4982    .ARM.Collect$$$$00000008  mc_w.l(entry7b.o)
    0x08000200   0x08000200   0x00000000   Code   RO         4984    .ARM.Collect$$$$0000000A  mc_w.l(entry8b.o)
    0x08000200   0x08000200   0x00000008   Code   RO         4985    .ARM.Collect$$$$0000000B  mc_w.l(entry9a.o)
    0x08000208   0x08000208   0x00000000   Code   RO         4987    .ARM.Collect$$$$0000000D  mc_w.l(entry10a.o)
    0x08000208   0x08000208   0x00000000   Code   RO         4989    .ARM.Collect$$$$0000000F  mc_w.l(entry11a.o)
    0x08000208   0x08000208   0x00000004   Code   RO         4978    .ARM.Collect$$$$00002712  mc_w.l(entry2.o)
    0x0800020c   0x0800020c   0x00000024   Code   RO         1257    .text               startup_stm32f767xx.o
    0x08000230   0x08000230   0x00000024   Code   RO         4913    .text               mc_w.l(memcpya.o)
    0x08000254   0x08000254   0x00000024   Code   RO         4915    .text               mc_w.l(memseta.o)
    0x08000278   0x08000278   0x0000000e   Code   RO         4917    .text               mc_w.l(strlen.o)
    0x08000286   0x08000286   0x0000002c   Code   RO         4994    .text               mc_w.l(uidiv.o)
    0x080002b2   0x080002b2   0x00000062   Code   RO         4996    .text               mc_w.l(uldiv.o)
    0x08000314   0x08000314   0x00000000   Code   RO         5000    .text               mc_w.l(iusefp.o)
    0x08000314   0x08000314   0x0000014e   Code   RO         5001    .text               mf_w.l(dadd.o)
    0x08000462   0x08000462   0x000000e4   Code   RO         5003    .text               mf_w.l(dmul.o)
    0x08000546   0x08000546   0x000000de   Code   RO         5005    .text               mf_w.l(ddiv.o)
    0x08000624   0x08000624   0x00000030   Code   RO         5007    .text               mf_w.l(dfixul.o)
    0x08000654   0x08000654   0x00000030   Code   RO         5009    .text               mf_w.l(cdrcmple.o)
    0x08000684   0x08000684   0x00000024   Code   RO         5011    .text               mc_w.l(init.o)
    0x080006a8   0x080006a8   0x0000001e   Code   RO         5014    .text               mc_w.l(llshl.o)
    0x080006c6   0x080006c6   0x00000020   Code   RO         5016    .text               mc_w.l(llushr.o)
    0x080006e6   0x080006e6   0x00000024   Code   RO         5018    .text               mc_w.l(llsshr.o)
    0x0800070a   0x0800070a   0x000000ba   Code   RO         5021    .text               mf_w.l(depilogue.o)
    0x080007c4   0x080007c4   0x00000056   Code   RO         5031    .text               mc_w.l(__dczerorl2.o)
    0x0800081a   0x0800081a   0x00000002   PAD
    0x0800081c   0x0800081c   0x00000028   Code   RO          813    i.AB_CDC_receive_check  aerobeam.o
    0x08000844   0x08000844   0x000000c4   Code   RO          814    i.AB_animation      aerobeam.o
    0x08000908   0x08000908   0x00000390   Code   RO          815    i.AB_calculate_pwm  aerobeam.o
    0x08000c98   0x08000c98   0x00000022   Code   RO          818    i.AB_limit          aerobeam.o
    0x08000cba   0x08000cba   0x00000002   PAD
    0x08000cbc   0x08000cbc   0x00000018   Code   RO          820    i.AB_loop_100Hz     aerobeam.o
    0x08000cd4   0x08000cd4   0x00000018   Code   RO          821    i.AB_loop_10Hz      aerobeam.o
    0x08000cec   0x08000cec   0x0000001c   Code   RO          823    i.AB_loop_20Hz      aerobeam.o
    0x08000d08   0x08000d08   0x00000014   Code   RO          824    i.AB_loop_4Hz       aerobeam.o
    0x08000d1c   0x08000d1c   0x000000b4   Code   RO          826    i.AB_loop_while     aerobeam.o
    0x08000dd0   0x08000dd0   0x0000002c   Code   RO          827    i.AB_pwm_update     aerobeam.o
    0x08000dfc   0x08000dfc   0x000000ac   Code   RO          828    i.AB_ros_receive    aerobeam.o
    0x08000ea8   0x08000ea8   0x000000bc   Code   RO          829    i.AB_ros_transmit   aerobeam.o
    0x08000f64   0x08000f64   0x0000004c   Code   RO          830    i.AB_setup          aerobeam.o
    0x08000fb0   0x08000fb0   0x00000070   Code   RO          831    i.AB_timer_interrupt  aerobeam.o
    0x08001020   0x08001020   0x00000020   Code   RO          832    i.AB_usart3_interrupt  aerobeam.o
    0x08001040   0x08001040   0x00000010   Code   RO         1072    i.BNO055            bno055.o
    0x08001050   0x08001050   0x00000318   Code   RO         1073    i.BNO055_Calibrate  bno055.o
    0x08001368   0x08001368   0x00000128   Code   RO         1074    i.BNO055_Initialize  bno055.o
    0x08001490   0x08001490   0x00000020   Code   RO         1075    i.BNO055_PrepareToRead  bno055.o
    0x080014b0   0x080014b0   0x00000058   Code   RO         1076    i.BNO055_Start      bno055.o
    0x08001508   0x08001508   0x000001a8   Code   RO         1077    i.BNO055_getCalibration  bno055.o
    0x080016b0   0x080016b0   0x00000040   Code   RO         1078    i.BNO055_getSensorOffsets  bno055.o
    0x080016f0   0x080016f0   0x0000003c   Code   RO         1081    i.BNO055_isFullyCalibrated  bno055.o
    0x0800172c   0x0800172c   0x0000008c   Code   RO         1082    i.BNO055_readEuler  bno055.o
    0x080017b8   0x080017b8   0x00000030   Code   RO         1085    i.BNO055_setMode    bno055.o
    0x080017e8   0x080017e8   0x0000003c   Code   RO         1086    i.BNO055_setSensorOffsets  bno055.o
    0x08001824   0x08001824   0x00000194   Code   RO         1087    i.BNO055_storeCalibration  bno055.o
    0x080019b8   0x080019b8   0x00000002   Code   RO          263    i.BusFault_Handler  stm32f7xx_it.o
    0x080019ba   0x080019ba   0x00000004   Code   RO          591    i.CDC_Control_FS    usbd_cdc_if.o
    0x080019be   0x080019be   0x00000004   Code   RO          592    i.CDC_DeInit_FS     usbd_cdc_if.o
    0x080019c2   0x080019c2   0x00000002   PAD
    0x080019c4   0x080019c4   0x00000024   Code   RO          593    i.CDC_Init_FS       usbd_cdc_if.o
    0x080019e8   0x080019e8   0x0000002c   Code   RO          594    i.CDC_Receive_FS    usbd_cdc_if.o
    0x08001a14   0x08001a14   0x0000002c   Code   RO          595    i.CDC_Transmit_FS   usbd_cdc_if.o
    0x08001a40   0x08001a40   0x00000002   Code   RO          264    i.DebugMon_Handler  stm32f7xx_it.o
    0x08001a42   0x08001a42   0x0000003e   Code   RO         1206    i.EE_Format         eeprom.o
    0x08001a80   0x08001a80   0x00000018   Code   RO         1207    i.EE_Read           eeprom.o
    0x08001a98   0x08001a98   0x0000002e   Code   RO         1208    i.EE_Reads          eeprom.o
    0x08001ac6   0x08001ac6   0x00000002   PAD
    0x08001ac8   0x08001ac8   0x00000088   Code   RO         1209    i.EE_Write          eeprom.o
    0x08001b50   0x08001b50   0x00000084   Code   RO         1210    i.EE_Writes         eeprom.o
    0x08001bd4   0x08001bd4   0x00000008   Code   RO          265    i.EXTI15_10_IRQHandler  stm32f7xx_it.o
    0x08001bdc   0x08001bdc   0x0000005c   Code   RO         2332    i.FLASH_Erase_Sector  stm32f7xx_hal_flash_ex.o
    0x08001c38   0x08001c38   0x00000044   Code   RO         2333    i.FLASH_MassErase   stm32f7xx_hal_flash_ex.o
    0x08001c7c   0x08001c7c   0x00000024   Code   RO         3494    i.FLASH_Program_Byte  stm32f7xx_hal_flash.o
    0x08001ca0   0x08001ca0   0x0000002c   Code   RO         3495    i.FLASH_Program_DoubleWord  stm32f7xx_hal_flash.o
    0x08001ccc   0x08001ccc   0x00000028   Code   RO         3496    i.FLASH_Program_HalfWord  stm32f7xx_hal_flash.o
    0x08001cf4   0x08001cf4   0x00000028   Code   RO         3497    i.FLASH_Program_Word  stm32f7xx_hal_flash.o
    0x08001d1c   0x08001d1c   0x00000058   Code   RO         3498    i.FLASH_SetErrorCode  stm32f7xx_hal_flash.o
    0x08001d74   0x08001d74   0x00000054   Code   RO         3499    i.FLASH_WaitForLastOperation  stm32f7xx_hal_flash.o
    0x08001dc8   0x08001dc8   0x00000024   Code   RO         1592    i.HAL_DMA_Abort_IT  stm32f7xx_hal_dma.o
    0x08001dec   0x08001dec   0x00000016   Code   RO         1271    i.HAL_Delay         stm32f7xx_hal.o
    0x08001e02   0x08001e02   0x00000002   PAD
    0x08001e04   0x08001e04   0x00000090   Code   RO         2336    i.HAL_FLASHEx_Erase  stm32f7xx_hal_flash_ex.o
    0x08001e94   0x08001e94   0x00000014   Code   RO         3503    i.HAL_FLASH_Lock    stm32f7xx_hal_flash.o
    0x08001ea8   0x08001ea8   0x00000084   Code   RO         3508    i.HAL_FLASH_Program  stm32f7xx_hal_flash.o
    0x08001f2c   0x08001f2c   0x00000028   Code   RO         3510    i.HAL_FLASH_Unlock  stm32f7xx_hal_flash.o
    0x08001f54   0x08001f54   0x00000002   Code   RO         3613    i.HAL_GPIO_EXTI_Callback  stm32f7xx_hal_gpio.o
    0x08001f56   0x08001f56   0x00000002   PAD
    0x08001f58   0x08001f58   0x00000018   Code   RO         3614    i.HAL_GPIO_EXTI_IRQHandler  stm32f7xx_hal_gpio.o
    0x08001f70   0x08001f70   0x000001d8   Code   RO         3615    i.HAL_GPIO_Init     stm32f7xx_hal_gpio.o
    0x08002148   0x08002148   0x0000000a   Code   RO         3617    i.HAL_GPIO_ReadPin  stm32f7xx_hal_gpio.o
    0x08002152   0x08002152   0x00000008   Code   RO         3618    i.HAL_GPIO_TogglePin  stm32f7xx_hal_gpio.o
    0x0800215a   0x0800215a   0x0000000a   Code   RO         3619    i.HAL_GPIO_WritePin  stm32f7xx_hal_gpio.o
    0x08002164   0x08002164   0x0000000c   Code   RO         1281    i.HAL_GetTick       stm32f7xx_hal.o
    0x08002170   0x08002170   0x00000058   Code   RO         3678    i.HAL_I2CEx_ConfigAnalogFilter  stm32f7xx_hal_i2c_ex.o
    0x080021c8   0x080021c8   0x00000054   Code   RO         3679    i.HAL_I2CEx_ConfigDigitalFilter  stm32f7xx_hal_i2c_ex.o
    0x0800221c   0x0800221c   0x000000b8   Code   RO         3041    i.HAL_I2C_Init      stm32f7xx_hal_i2c.o
    0x080022d4   0x080022d4   0x0000016c   Code   RO         3057    i.HAL_I2C_Mem_Read  stm32f7xx_hal_i2c.o
    0x08002440   0x08002440   0x00000168   Code   RO         3060    i.HAL_I2C_Mem_Write  stm32f7xx_hal_i2c.o
    0x080025a8   0x080025a8   0x00000048   Code   RO          989    i.HAL_I2C_MspInit   i2c.o
    0x080025f0   0x080025f0   0x00000010   Code   RO         1285    i.HAL_IncTick       stm32f7xx_hal.o
    0x08002600   0x08002600   0x00000016   Code   RO         1286    i.HAL_Init          stm32f7xx_hal.o
    0x08002616   0x08002616   0x00000002   PAD
    0x08002618   0x08002618   0x00000028   Code   RO         1287    i.HAL_InitTick      stm32f7xx_hal.o
    0x08002640   0x08002640   0x00000058   Code   RO          149    i.HAL_MspInit       stm32f7xx_hal_msp.o
    0x08002698   0x08002698   0x00000016   Code   RO         1458    i.HAL_NVIC_EnableIRQ  stm32f7xx_hal_cortex.o
    0x080026ae   0x080026ae   0x00000002   PAD
    0x080026b0   0x080026b0   0x00000040   Code   RO         1464    i.HAL_NVIC_SetPriority  stm32f7xx_hal_cortex.o
    0x080026f0   0x080026f0   0x00000024   Code   RO         1465    i.HAL_NVIC_SetPriorityGrouping  stm32f7xx_hal_cortex.o
    0x08002714   0x08002714   0x00000028   Code   RO         4217    i.HAL_PCDEx_ActivateLPM  stm32f7xx_hal_pcd_ex.o
    0x0800273c   0x0800273c   0x00000060   Code   RO          387    i.HAL_PCDEx_LPM_Callback  usbd_conf.o
    0x0800279c   0x0800279c   0x00000008   Code   RO         4220    i.HAL_PCDEx_SetRxFiFo  stm32f7xx_hal_pcd_ex.o
    0x080027a4   0x080027a4   0x00000048   Code   RO         4221    i.HAL_PCDEx_SetTxFiFo  stm32f7xx_hal_pcd_ex.o
    0x080027ec   0x080027ec   0x00000008   Code   RO          388    i.HAL_PCD_ConnectCallback  usbd_conf.o
    0x080027f4   0x080027f4   0x00000012   Code   RO          389    i.HAL_PCD_DataInStageCallback  usbd_conf.o
    0x08002806   0x08002806   0x00000014   Code   RO          390    i.HAL_PCD_DataOutStageCallback  usbd_conf.o
    0x0800281a   0x0800281a   0x00000008   Code   RO          391    i.HAL_PCD_DisconnectCallback  usbd_conf.o
    0x08002822   0x08002822   0x00000044   Code   RO         4011    i.HAL_PCD_EP_Close  stm32f7xx_hal_pcd.o
    0x08002866   0x08002866   0x00000050   Code   RO         4012    i.HAL_PCD_EP_ClrStall  stm32f7xx_hal_pcd.o
    0x080028b6   0x080028b6   0x00000014   Code   RO         4014    i.HAL_PCD_EP_GetRxCount  stm32f7xx_hal_pcd.o
    0x080028ca   0x080028ca   0x00000056   Code   RO         4015    i.HAL_PCD_EP_Open   stm32f7xx_hal_pcd.o
    0x08002920   0x08002920   0x00000044   Code   RO         4016    i.HAL_PCD_EP_Receive  stm32f7xx_hal_pcd.o
    0x08002964   0x08002964   0x00000060   Code   RO         4017    i.HAL_PCD_EP_SetStall  stm32f7xx_hal_pcd.o
    0x080029c4   0x080029c4   0x00000044   Code   RO         4018    i.HAL_PCD_EP_Transmit  stm32f7xx_hal_pcd.o
    0x08002a08   0x08002a08   0x00000570   Code   RO         4020    i.HAL_PCD_IRQHandler  stm32f7xx_hal_pcd.o
    0x08002f78   0x08002f78   0x00000008   Code   RO          392    i.HAL_PCD_ISOINIncompleteCallback  usbd_conf.o
    0x08002f80   0x08002f80   0x00000008   Code   RO          393    i.HAL_PCD_ISOOUTIncompleteCallback  usbd_conf.o
    0x08002f88   0x08002f88   0x000000d0   Code   RO         4023    i.HAL_PCD_Init      stm32f7xx_hal_pcd.o
    0x08003058   0x08003058   0x00000068   Code   RO          395    i.HAL_PCD_MspInit   usbd_conf.o
    0x080030c0   0x080030c0   0x00000020   Code   RO          396    i.HAL_PCD_ResetCallback  usbd_conf.o
    0x080030e0   0x080030e0   0x00000008   Code   RO          397    i.HAL_PCD_ResumeCallback  usbd_conf.o
    0x080030e8   0x080030e8   0x00000008   Code   RO          398    i.HAL_PCD_SOFCallback  usbd_conf.o
    0x080030f0   0x080030f0   0x00000024   Code   RO         4029    i.HAL_PCD_SetAddress  stm32f7xx_hal_pcd.o
    0x08003114   0x08003114   0x0000000e   Code   RO          399    i.HAL_PCD_SetupStageCallback  usbd_conf.o
    0x08003122   0x08003122   0x0000002a   Code   RO         4031    i.HAL_PCD_Start     stm32f7xx_hal_pcd.o
    0x0800314c   0x0800314c   0x00000030   Code   RO          400    i.HAL_PCD_SuspendCallback  usbd_conf.o
    0x0800317c   0x0800317c   0x0000006c   Code   RO         1704    i.HAL_PWREx_EnableOverDrive  stm32f7xx_hal_pwr_ex.o
    0x080031e8   0x080031e8   0x0000053c   Code   RO         3460    i.HAL_RCCEx_PeriphCLKConfig  stm32f7xx_hal_rcc_ex.o
    0x08003724   0x08003724   0x00000114   Code   RO         1952    i.HAL_RCC_ClockConfig  stm32f7xx_hal_rcc.o
    0x08003838   0x08003838   0x0000000c   Code   RO         1957    i.HAL_RCC_GetHCLKFreq  stm32f7xx_hal_rcc.o
    0x08003844   0x08003844   0x00000020   Code   RO         1959    i.HAL_RCC_GetPCLK1Freq  stm32f7xx_hal_rcc.o
    0x08003864   0x08003864   0x00000020   Code   RO         1960    i.HAL_RCC_GetPCLK2Freq  stm32f7xx_hal_rcc.o
    0x08003884   0x08003884   0x0000005c   Code   RO         1961    i.HAL_RCC_GetSysClockFreq  stm32f7xx_hal_rcc.o
    0x080038e0   0x080038e0   0x0000033c   Code   RO         1964    i.HAL_RCC_OscConfig  stm32f7xx_hal_rcc.o
    0x08003c1c   0x08003c1c   0x00000018   Code   RO         1467    i.HAL_SYSTICK_CLKSourceConfig  stm32f7xx_hal_cortex.o
    0x08003c34   0x08003c34   0x00000002   Code   RO         1468    i.HAL_SYSTICK_Callback  stm32f7xx_hal_cortex.o
    0x08003c36   0x08003c36   0x00000026   Code   RO         1469    i.HAL_SYSTICK_Config  stm32f7xx_hal_cortex.o
    0x08003c5c   0x08003c5c   0x00000008   Code   RO         1470    i.HAL_SYSTICK_IRQHandler  stm32f7xx_hal_cortex.o
    0x08003c64   0x08003c64   0x00000002   Code   RO         2053    i.HAL_TIMEx_BreakCallback  stm32f7xx_hal_tim_ex.o
    0x08003c66   0x08003c66   0x00000002   Code   RO         2054    i.HAL_TIMEx_CommutationCallback  stm32f7xx_hal_tim_ex.o
    0x08003c68   0x08003c68   0x00000058   Code   RO         2072    i.HAL_TIMEx_MasterConfigSynchronization  stm32f7xx_hal_tim_ex.o
    0x08003cc0   0x08003cc0   0x00000036   Code   RO         2398    i.HAL_TIM_Base_Init  stm32f7xx_hal_tim.o
    0x08003cf6   0x08003cf6   0x00000002   PAD
    0x08003cf8   0x08003cf8   0x00000054   Code   RO          760    i.HAL_TIM_Base_MspInit  tim.o
    0x08003d4c   0x08003d4c   0x00000018   Code   RO         2403    i.HAL_TIM_Base_Start_IT  stm32f7xx_hal_tim.o
    0x08003d64   0x08003d64   0x000000fc   Code   RO         2407    i.HAL_TIM_ConfigClockSource  stm32f7xx_hal_tim.o
    0x08003e60   0x08003e60   0x00000002   Code   RO         2427    i.HAL_TIM_IC_CaptureCallback  stm32f7xx_hal_tim.o
    0x08003e62   0x08003e62   0x0000017e   Code   RO         2440    i.HAL_TIM_IRQHandler  stm32f7xx_hal_tim.o
    0x08003fe0   0x08003fe0   0x00000034   Code   RO          761    i.HAL_TIM_MspPostInit  tim.o
    0x08004014   0x08004014   0x00000002   Code   RO         2443    i.HAL_TIM_OC_DelayElapsedCallback  stm32f7xx_hal_tim.o
    0x08004016   0x08004016   0x00000128   Code   RO         2092    i.HAL_TIM_PWM_ConfigChannel  stm32f7xx_hal_tim_ex.o
    0x0800413e   0x0800413e   0x00000036   Code   RO         2467    i.HAL_TIM_PWM_Init  stm32f7xx_hal_tim.o
    0x08004174   0x08004174   0x00000002   Code   RO         2469    i.HAL_TIM_PWM_MspInit  stm32f7xx_hal_tim.o
    0x08004176   0x08004176   0x00000002   Code   RO         2470    i.HAL_TIM_PWM_PulseFinishedCallback  stm32f7xx_hal_tim.o
    0x08004178   0x08004178   0x00000038   Code   RO         2471    i.HAL_TIM_PWM_Start  stm32f7xx_hal_tim.o
    0x080041b0   0x080041b0   0x00000014   Code   RO          177    i.HAL_TIM_PeriodElapsedCallback  main.o
    0x080041c4   0x080041c4   0x00000002   Code   RO         2481    i.HAL_TIM_TriggerCallback  stm32f7xx_hal_tim.o
    0x080041c6   0x080041c6   0x00000002   Code   RO         4280    i.HAL_UART_ErrorCallback  stm32f7xx_hal_uart.o
    0x080041c8   0x080041c8   0x00000178   Code   RO         4283    i.HAL_UART_IRQHandler  stm32f7xx_hal_uart.o
    0x08004340   0x08004340   0x0000006a   Code   RO         4284    i.HAL_UART_Init     stm32f7xx_hal_uart.o
    0x080043aa   0x080043aa   0x00000002   PAD
    0x080043ac   0x080043ac   0x00000058   Code   RO         1031    i.HAL_UART_MspInit  usart.o
    0x08004404   0x08004404   0x0000008e   Code   RO         4289    i.HAL_UART_Receive_IT  stm32f7xx_hal_uart.o
    0x08004492   0x08004492   0x00000002   PAD
    0x08004494   0x08004494   0x00000028   Code   RO          178    i.HAL_UART_RxCpltCallback  main.o
    0x080044bc   0x080044bc   0x000000b6   Code   RO         4292    i.HAL_UART_Transmit  stm32f7xx_hal_uart.o
    0x08004572   0x08004572   0x00000002   Code   RO         4295    i.HAL_UART_TxCpltCallback  stm32f7xx_hal_uart.o
    0x08004574   0x08004574   0x00000002   Code   RO          266    i.HardFault_Handler  stm32f7xx_it.o
    0x08004576   0x08004576   0x00000022   Code   RO         3083    i.I2C_Flush_TXDR    stm32f7xx_hal_i2c.o
    0x08004598   0x08004598   0x0000007c   Code   RO         3091    i.I2C_IsAcknowledgeFailed  stm32f7xx_hal_i2c.o
    0x08004614   0x08004614   0x0000006e   Code   RO         3094    i.I2C_RequestMemoryRead  stm32f7xx_hal_i2c.o
    0x08004682   0x08004682   0x0000006e   Code   RO         3095    i.I2C_RequestMemoryWrite  stm32f7xx_hal_i2c.o
    0x080046f0   0x080046f0   0x00000024   Code   RO         3098    i.I2C_TransferConfig  stm32f7xx_hal_i2c.o
    0x08004714   0x08004714   0x00000052   Code   RO         3099    i.I2C_WaitOnFlagUntilTimeout  stm32f7xx_hal_i2c.o
    0x08004766   0x08004766   0x00000050   Code   RO         3101    i.I2C_WaitOnSTOPFlagUntilTimeout  stm32f7xx_hal_i2c.o
    0x080047b6   0x080047b6   0x00000054   Code   RO         3102    i.I2C_WaitOnTXISFlagUntilTimeout  stm32f7xx_hal_i2c.o
    0x0800480a   0x0800480a   0x00000002   PAD
    0x0800480c   0x0800480c   0x000000e8   Code   RO          363    i.MX_GPIO_Init      gpio.o
    0x080048f4   0x080048f4   0x00000074   Code   RO          990    i.MX_I2C1_Init      i2c.o
    0x08004968   0x08004968   0x000000e8   Code   RO          762    i.MX_TIM4_Init      tim.o
    0x08004a50   0x08004a50   0x00000058   Code   RO          763    i.MX_TIM6_Init      tim.o
    0x08004aa8   0x08004aa8   0x00000050   Code   RO         1032    i.MX_USART3_UART_Init  usart.o
    0x08004af8   0x08004af8   0x00000038   Code   RO          647    i.MX_USB_DEVICE_Init  usb_device.o
    0x08004b30   0x08004b30   0x00000002   Code   RO          267    i.MemManage_Handler  stm32f7xx_it.o
    0x08004b32   0x08004b32   0x00000002   Code   RO          268    i.NMI_Handler       stm32f7xx_it.o
    0x08004b34   0x08004b34   0x00000022   Code   RO         1471    i.NVIC_SetPriority  stm32f7xx_hal_cortex.o
    0x08004b56   0x08004b56   0x00000002   PAD
    0x08004b58   0x08004b58   0x0000000c   Code   RO          269    i.OTG_FS_IRQHandler  stm32f7xx_it.o
    0x08004b64   0x08004b64   0x00000096   Code   RO         4034    i.PCD_WriteEmptyTxFifo  stm32f7xx_hal_pcd.o
    0x08004bfa   0x08004bfa   0x00000002   Code   RO          270    i.PendSV_Handler    stm32f7xx_it.o
    0x08004bfc   0x08004bfc   0x0000006c   Code   RO          833    i.Receive_Check     aerobeam.o
    0x08004c68   0x08004c68   0x00000002   Code   RO          271    i.SVC_Handler       stm32f7xx_it.o
    0x08004c6a   0x08004c6a   0x00000002   PAD
    0x08004c6c   0x08004c6c   0x00000044   Code   RO          834    i.Stop              aerobeam.o
    0x08004cb0   0x08004cb0   0x0000000e   Code   RO          272    i.SysTick_Handler   stm32f7xx_it.o
    0x08004cbe   0x08004cbe   0x00000002   PAD
    0x08004cc0   0x08004cc0   0x000000c0   Code   RO          179    i.SystemClock_Config  main.o
    0x08004d80   0x08004d80   0x00000054   Code   RO            5    i.SystemInit        system_stm32f7xx.o
    0x08004dd4   0x08004dd4   0x0000000c   Code   RO          273    i.TIM6_DAC_IRQHandler  stm32f7xx_it.o
    0x08004de0   0x08004de0   0x000000cc   Code   RO         2482    i.TIM_Base_SetConfig  stm32f7xx_hal_tim.o
    0x08004eac   0x08004eac   0x00000016   Code   RO         2483    i.TIM_CCxChannelCmd  stm32f7xx_hal_tim.o
    0x08004ec2   0x08004ec2   0x00000012   Code   RO         2489    i.TIM_ETR_SetConfig  stm32f7xx_hal_tim.o
    0x08004ed4   0x08004ed4   0x00000010   Code   RO         2490    i.TIM_ITRx_SetConfig  stm32f7xx_hal_tim.o
    0x08004ee4   0x08004ee4   0x00000068   Code   RO         2491    i.TIM_OC1_SetConfig  stm32f7xx_hal_tim.o
    0x08004f4c   0x08004f4c   0x0000006c   Code   RO         2492    i.TIM_OC2_SetConfig  stm32f7xx_hal_tim.o
    0x08004fb8   0x08004fb8   0x0000006c   Code   RO         2493    i.TIM_OC3_SetConfig  stm32f7xx_hal_tim.o
    0x08005024   0x08005024   0x00000058   Code   RO         2494    i.TIM_OC4_SetConfig  stm32f7xx_hal_tim.o
    0x0800507c   0x0800507c   0x00000058   Code   RO         2095    i.TIM_OC5_SetConfig  stm32f7xx_hal_tim_ex.o
    0x080050d4   0x080050d4   0x00000058   Code   RO         2096    i.TIM_OC6_SetConfig  stm32f7xx_hal_tim_ex.o
    0x0800512c   0x0800512c   0x00000022   Code   RO         2496    i.TIM_TI1_ConfigInputStage  stm32f7xx_hal_tim.o
    0x0800514e   0x0800514e   0x00000024   Code   RO         2498    i.TIM_TI2_ConfigInputStage  stm32f7xx_hal_tim.o
    0x08005172   0x08005172   0x00000002   PAD
    0x08005174   0x08005174   0x0000009c   Code   RO          835    i.Tprint            aerobeam.o
    0x08005210   0x08005210   0x0000002c   Code   RO         1088    i.Transmit          bno055.o
    0x0800523c   0x0800523c   0x000000c8   Code   RO         4297    i.UART_AdvFeatureConfig  stm32f7xx_hal_uart.o
    0x08005304   0x08005304   0x00000040   Code   RO         4298    i.UART_CheckIdleState  stm32f7xx_hal_uart.o
    0x08005344   0x08005344   0x00000014   Code   RO         4299    i.UART_DMAAbortOnError  stm32f7xx_hal_uart.o
    0x08005358   0x08005358   0x0000001c   Code   RO         4305    i.UART_EndRxTransfer  stm32f7xx_hal_uart.o
    0x08005374   0x08005374   0x00000078   Code   RO         4307    i.UART_Receive_IT   stm32f7xx_hal_uart.o
    0x080053ec   0x080053ec   0x00000258   Code   RO         4308    i.UART_SetConfig    stm32f7xx_hal_uart.o
    0x08005644   0x08005644   0x00000064   Code   RO         4309    i.UART_WaitOnFlagUntilTimeout  stm32f7xx_hal_uart.o
    0x080056a8   0x080056a8   0x0000000c   Code   RO          274    i.USART3_IRQHandler  stm32f7xx_it.o
    0x080056b4   0x080056b4   0x00000014   Code   RO         4609    i.USBD_CDC_DataIn   usbd_cdc.o
    0x080056c8   0x080056c8   0x0000002e   Code   RO         4610    i.USBD_CDC_DataOut  usbd_cdc.o
    0x080056f6   0x080056f6   0x0000003c   Code   RO         4611    i.USBD_CDC_DeInit   usbd_cdc.o
    0x08005732   0x08005732   0x00000024   Code   RO         4612    i.USBD_CDC_EP0_RxReady  usbd_cdc.o
    0x08005756   0x08005756   0x00000002   PAD
    0x08005758   0x08005758   0x0000000c   Code   RO         4613    i.USBD_CDC_GetDeviceQualifierDescriptor  usbd_cdc.o
    0x08005764   0x08005764   0x0000000c   Code   RO         4614    i.USBD_CDC_GetFSCfgDesc  usbd_cdc.o
    0x08005770   0x08005770   0x0000000c   Code   RO         4615    i.USBD_CDC_GetHSCfgDesc  usbd_cdc.o
    0x0800577c   0x0800577c   0x0000000c   Code   RO         4616    i.USBD_CDC_GetOtherSpeedCfgDesc  usbd_cdc.o
    0x08005788   0x08005788   0x00000088   Code   RO         4617    i.USBD_CDC_Init     usbd_cdc.o
    0x08005810   0x08005810   0x00000028   Code   RO         4618    i.USBD_CDC_ReceivePacket  usbd_cdc.o
    0x08005838   0x08005838   0x00000014   Code   RO         4619    i.USBD_CDC_RegisterInterface  usbd_cdc.o
    0x0800584c   0x0800584c   0x0000000c   Code   RO         4620    i.USBD_CDC_SetRxBuffer  usbd_cdc.o
    0x08005858   0x08005858   0x00000010   Code   RO         4621    i.USBD_CDC_SetTxBuffer  usbd_cdc.o
    0x08005868   0x08005868   0x00000070   Code   RO         4622    i.USBD_CDC_Setup    usbd_cdc.o
    0x080058d8   0x080058d8   0x00000030   Code   RO         4623    i.USBD_CDC_TransmitPacket  usbd_cdc.o
    0x08005908   0x08005908   0x0000000e   Code   RO         4715    i.USBD_ClrClassConfig  usbd_core.o
    0x08005916   0x08005916   0x00000010   Code   RO         4853    i.USBD_CtlContinueRx  usbd_ioreq.o
    0x08005926   0x08005926   0x00000010   Code   RO         4854    i.USBD_CtlContinueSendData  usbd_ioreq.o
    0x08005936   0x08005936   0x00000016   Code   RO         4544    i.USBD_CtlError     usbd_ctlreq.o
    0x0800594c   0x0800594c   0x0000001e   Code   RO         4855    i.USBD_CtlPrepareRx  usbd_ioreq.o
    0x0800596a   0x0800596a   0x00000016   Code   RO         4856    i.USBD_CtlReceiveStatus  usbd_ioreq.o
    0x08005980   0x08005980   0x0000001a   Code   RO         4857    i.USBD_CtlSendData  usbd_ioreq.o
    0x0800599a   0x0800599a   0x00000016   Code   RO         4858    i.USBD_CtlSendStatus  usbd_ioreq.o
    0x080059b0   0x080059b0   0x00000020   Code   RO          685    i.USBD_FS_ConfigStrDescriptor  usbd_desc.o
    0x080059d0   0x080059d0   0x0000000c   Code   RO          686    i.USBD_FS_DeviceDescriptor  usbd_desc.o
    0x080059dc   0x080059dc   0x00000024   Code   RO          687    i.USBD_FS_InterfaceStrDescriptor  usbd_desc.o
    0x08005a00   0x08005a00   0x0000000c   Code   RO          688    i.USBD_FS_LangIDStrDescriptor  usbd_desc.o
    0x08005a0c   0x08005a0c   0x00000028   Code   RO          689    i.USBD_FS_ManufacturerStrDescriptor  usbd_desc.o
    0x08005a34   0x08005a34   0x0000002c   Code   RO          690    i.USBD_FS_ProductStrDescriptor  usbd_desc.o
    0x08005a60   0x08005a60   0x00000024   Code   RO          691    i.USBD_FS_SerialStrDescriptor  usbd_desc.o
    0x08005a84   0x08005a84   0x0000000c   Code   RO          692    i.USBD_FS_USR_BOSDescriptor  usbd_desc.o
    0x08005a90   0x08005a90   0x000000f6   Code   RO         4545    i.USBD_GetDescriptor  usbd_ctlreq.o
    0x08005b86   0x08005b86   0x00000048   Code   RO         4546    i.USBD_GetString    usbd_ctlreq.o
    0x08005bce   0x08005bce   0x0000002a   Code   RO         4717    i.USBD_Init         usbd_core.o
    0x08005bf8   0x08005bf8   0x00000020   Code   RO          401    i.USBD_LL_ClearStallEP  usbd_conf.o
    0x08005c18   0x08005c18   0x00000020   Code   RO          402    i.USBD_LL_CloseEP   usbd_conf.o
    0x08005c38   0x08005c38   0x000000aa   Code   RO         4718    i.USBD_LL_DataInStage  usbd_core.o
    0x08005ce2   0x08005ce2   0x0000006a   Code   RO         4719    i.USBD_LL_DataOutStage  usbd_core.o
    0x08005d4c   0x08005d4c   0x00000004   Code   RO         4720    i.USBD_LL_DevConnected  usbd_core.o
    0x08005d50   0x08005d50   0x00000016   Code   RO         4721    i.USBD_LL_DevDisconnected  usbd_core.o
    0x08005d66   0x08005d66   0x00000008   Code   RO          406    i.USBD_LL_GetRxDataSize  usbd_conf.o
    0x08005d6e   0x08005d6e   0x00000002   PAD
    0x08005d70   0x08005d70   0x0000007c   Code   RO          407    i.USBD_LL_Init      usbd_conf.o
    0x08005dec   0x08005dec   0x00000020   Code   RO          408    i.USBD_LL_IsStallEP  usbd_conf.o
    0x08005e0c   0x08005e0c   0x00000004   Code   RO         4722    i.USBD_LL_IsoINIncomplete  usbd_core.o
    0x08005e10   0x08005e10   0x00000004   Code   RO         4723    i.USBD_LL_IsoOUTIncomplete  usbd_core.o
    0x08005e14   0x08005e14   0x00000026   Code   RO          409    i.USBD_LL_OpenEP    usbd_conf.o
    0x08005e3a   0x08005e3a   0x00000020   Code   RO          410    i.USBD_LL_PrepareReceive  usbd_conf.o
    0x08005e5a   0x08005e5a   0x00000040   Code   RO         4724    i.USBD_LL_Reset     usbd_core.o
    0x08005e9a   0x08005e9a   0x0000000c   Code   RO         4725    i.USBD_LL_Resume    usbd_core.o
    0x08005ea6   0x08005ea6   0x00000018   Code   RO         4726    i.USBD_LL_SOF       usbd_core.o
    0x08005ebe   0x08005ebe   0x00000006   Code   RO         4727    i.USBD_LL_SetSpeed  usbd_core.o
    0x08005ec4   0x08005ec4   0x00000020   Code   RO          411    i.USBD_LL_SetUSBAddress  usbd_conf.o
    0x08005ee4   0x08005ee4   0x00000056   Code   RO         4728    i.USBD_LL_SetupStage  usbd_core.o
    0x08005f3a   0x08005f3a   0x00000020   Code   RO          412    i.USBD_LL_StallEP   usbd_conf.o
    0x08005f5a   0x08005f5a   0x00000020   Code   RO          413    i.USBD_LL_Start     usbd_conf.o
    0x08005f7a   0x08005f7a   0x00000012   Code   RO         4729    i.USBD_LL_Suspend   usbd_core.o
    0x08005f8c   0x08005f8c   0x00000020   Code   RO          415    i.USBD_LL_Transmit  usbd_conf.o
    0x08005fac   0x08005fac   0x00000028   Code   RO         4547    i.USBD_ParseSetupRequest  usbd_ctlreq.o
    0x08005fd4   0x08005fd4   0x00000012   Code   RO         4730    i.USBD_RegisterClass  usbd_core.o
    0x08005fe6   0x08005fe6   0x00000016   Code   RO         4732    i.USBD_SetClassConfig  usbd_core.o
    0x08005ffc   0x08005ffc   0x00000074   Code   RO         4548    i.USBD_SetConfig    usbd_ctlreq.o
    0x08006070   0x08006070   0x0000000a   Code   RO         4733    i.USBD_Start        usbd_core.o
    0x0800607a   0x0800607a   0x000000f2   Code   RO         4549    i.USBD_StdDevReq    usbd_ctlreq.o
    0x0800616c   0x0800616c   0x000000de   Code   RO         4550    i.USBD_StdEPReq     usbd_ctlreq.o
    0x0800624a   0x0800624a   0x00000034   Code   RO         4551    i.USBD_StdItfReq    usbd_ctlreq.o
    0x0800627e   0x0800627e   0x00000002   PAD
    0x08006280   0x08006280   0x00000080   Code   RO         3721    i.USB_ActivateEndpoint  stm32f7xx_ll_usb.o
    0x08006300   0x08006300   0x00000034   Code   RO         3722    i.USB_ActivateSetup  stm32f7xx_ll_usb.o
    0x08006334   0x08006334   0x00000070   Code   RO         3724    i.USB_CoreInit      stm32f7xx_ll_usb.o
    0x080063a4   0x080063a4   0x00000038   Code   RO         3725    i.USB_CoreReset     stm32f7xx_ll_usb.o
    0x080063dc   0x080063dc   0x0000006e   Code   RO         3727    i.USB_DeactivateEndpoint  stm32f7xx_ll_usb.o
    0x0800644a   0x0800644a   0x00000018   Code   RO         3728    i.USB_DevConnect    stm32f7xx_ll_usb.o
    0x08006462   0x08006462   0x00000018   Code   RO         3729    i.USB_DevDisconnect  stm32f7xx_ll_usb.o
    0x0800647a   0x0800647a   0x00000002   PAD
    0x0800647c   0x0800647c   0x00000168   Code   RO         3730    i.USB_DevInit       stm32f7xx_ll_usb.o
    0x080065e4   0x080065e4   0x0000000c   Code   RO         3731    i.USB_DisableGlobalInt  stm32f7xx_ll_usb.o
    0x080065f0   0x080065f0   0x00000140   Code   RO         3734    i.USB_EP0StartXfer  stm32f7xx_ll_usb.o
    0x08006730   0x08006730   0x0000003e   Code   RO         3735    i.USB_EP0_OutStart  stm32f7xx_ll_usb.o
    0x0800676e   0x0800676e   0x00000064   Code   RO         3736    i.USB_EPClearStall  stm32f7xx_ll_usb.o
    0x080067d2   0x080067d2   0x0000005e   Code   RO         3737    i.USB_EPSetStall    stm32f7xx_ll_usb.o
    0x08006830   0x08006830   0x0000021c   Code   RO         3738    i.USB_EPStartXfer   stm32f7xx_ll_usb.o
    0x08006a4c   0x08006a4c   0x0000000c   Code   RO         3739    i.USB_EnableGlobalInt  stm32f7xx_ll_usb.o
    0x08006a58   0x08006a58   0x00000020   Code   RO         3740    i.USB_FlushRxFifo   stm32f7xx_ll_usb.o
    0x08006a78   0x08006a78   0x00000024   Code   RO         3741    i.USB_FlushTxFifo   stm32f7xx_ll_usb.o
    0x08006a9c   0x08006a9c   0x0000003e   Code   RO         3743    i.USB_GetDevSpeed   stm32f7xx_ll_usb.o
    0x08006ada   0x08006ada   0x00000008   Code   RO         3745    i.USB_GetMode       stm32f7xx_ll_usb.o
    0x08006ae2   0x08006ae2   0x0000000e   Code   RO         3752    i.USB_ReadDevAllInEpInterrupt  stm32f7xx_ll_usb.o
    0x08006af0   0x08006af0   0x0000000e   Code   RO         3753    i.USB_ReadDevAllOutEpInterrupt  stm32f7xx_ll_usb.o
    0x08006afe   0x08006afe   0x00000020   Code   RO         3754    i.USB_ReadDevInEPInterrupt  stm32f7xx_ll_usb.o
    0x08006b1e   0x08006b1e   0x00000010   Code   RO         3755    i.USB_ReadDevOutEPInterrupt  stm32f7xx_ll_usb.o
    0x08006b2e   0x08006b2e   0x00000008   Code   RO         3756    i.USB_ReadInterrupts  stm32f7xx_ll_usb.o
    0x08006b36   0x08006b36   0x0000001e   Code   RO         3757    i.USB_ReadPacket    stm32f7xx_ll_usb.o
    0x08006b54   0x08006b54   0x0000002c   Code   RO         3759    i.USB_SetCurrentMode  stm32f7xx_ll_usb.o
    0x08006b80   0x08006b80   0x00000022   Code   RO         3760    i.USB_SetDevAddress  stm32f7xx_ll_usb.o
    0x08006ba2   0x08006ba2   0x00000002   PAD
    0x08006ba4   0x08006ba4   0x0000002c   Code   RO         3764    i.USB_WritePacket   stm32f7xx_ll_usb.o
    0x08006bd0   0x08006bd0   0x00000002   Code   RO          275    i.UsageFault_Handler  stm32f7xx_it.o
    0x08006bd2   0x08006bd2   0x00000002   Code   RO          180    i._Error_Handler    main.o
    0x08006bd4   0x08006bd4   0x00000024   Code   RO         4928    i.__0vsprintf       mc_w.l(printfa.o)
    0x08006bf8   0x08006bf8   0x0000000e   Code   RO         5025    i.__scatterload_copy  mc_w.l(handlers.o)
    0x08006c06   0x08006c06   0x00000002   Code   RO         5026    i.__scatterload_null  mc_w.l(handlers.o)
    0x08006c08   0x08006c08   0x0000000e   Code   RO         5027    i.__scatterload_zeroinit  mc_w.l(handlers.o)
    0x08006c16   0x08006c16   0x00000002   PAD
    0x08006c18   0x08006c18   0x00000184   Code   RO         4929    i._fp_digits        mc_w.l(printfa.o)
    0x08006d9c   0x08006d9c   0x000006dc   Code   RO         4930    i._printf_core      mc_w.l(printfa.o)
    0x08007478   0x08007478   0x00000024   Code   RO         4931    i._printf_post_padding  mc_w.l(printfa.o)
    0x0800749c   0x0800749c   0x0000002e   Code   RO         4932    i._printf_pre_padding  mc_w.l(printfa.o)
    0x080074ca   0x080074ca   0x0000000a   Code   RO         4934    i._sputc            mc_w.l(printfa.o)
    0x080074d4   0x080074d4   0x00000018   Code   RO          836    i.calculateLRC      aerobeam.o
    0x080074ec   0x080074ec   0x00000050   Code   RO         4949    i.free              mc_w.l(malloc.o)
    0x0800753c   0x0800753c   0x00000044   Code   RO          837    i.is_Ros_Disconnected  aerobeam.o
    0x08007580   0x08007580   0x0000006c   Code   RO          181    i.main              main.o
    0x080075ec   0x080075ec   0x0000006c   Code   RO         4950    i.malloc            mc_w.l(malloc.o)
    0x08007658   0x08007658   0x00000010   Data   RO            6    .constdata          system_stm32f7xx.o
    0x08007668   0x08007668   0x00000008   Data   RO            7    .constdata          system_stm32f7xx.o
    0x08007670   0x08007670   0x00000047   Data   RO          839    .conststring        aerobeam.o
    0x080076b7   0x080076b7   0x00000001   PAD
    0x080076b8   0x080076b8   0x00000317   Data   RO         1090    .conststring        bno055.o
    0x080079cf   0x080079cf   0x00000001   PAD
    0x080079d0   0x080079d0   0x00000020   Data   RO         5023    Region$$Table       anon$$obj.o


    Execution Region RW_IRAM1 (Exec base: 0x20000000, Load base: 0x080079f0, Size: 0x00016da0, Max: 0x00080000, ABSOLUTE, COMPRESSED[0x00000110])

    Exec Addr    Load Addr    Size         Type   Attr      Idx    E Section Name        Object

    0x20000000   COMPRESSED   0x00000004   Data   RW            8    .data               system_stm32f7xx.o
    0x20000004   COMPRESSED   0x00000010   Data   RW          597    .data               usbd_cdc_if.o
    0x20000014   COMPRESSED   0x00000020   Data   RW          694    .data               usbd_desc.o
    0x20000034   COMPRESSED   0x00000024   Data   RW          695    .data               usbd_desc.o
    0x20000058   COMPRESSED   0x000000d8   Data   RW          840    .data               aerobeam.o
    0x20000130   COMPRESSED   0x00000004   Data   RW          841    .data               aerobeam.o
    0x20000134   COMPRESSED   0x0000000c   Data   RW         1091    .data               bno055.o
    0x20000140   COMPRESSED   0x00000004   Data   RW         1292    .data               stm32f7xx_hal.o
    0x20000144   COMPRESSED   0x00000001   Data   RW         4552    .data               usbd_ctlreq.o
    0x20000145   COMPRESSED   0x00000003   PAD
    0x20000148   COMPRESSED   0x000000db   Data   RW         4624    .data               usbd_cdc.o
    0x20000223   COMPRESSED   0x00000001   PAD
    0x20000224   COMPRESSED   0x00000038   Data   RW         4625    .data               usbd_cdc.o
    0x2000025c   COMPRESSED   0x00000004   Data   RW         4998    .data               mc_w.l(mvars.o)
    0x20000260   COMPRESSED   0x00000004   Data   RW         4999    .data               mc_w.l(mvars.o)
    0x20000264        -       0x00000400   Zero   RW          416    .bss                usbd_conf.o
    0x20000664        -       0x00000080   Zero   RW          596    .bss                usbd_cdc_if.o
    0x200006e4        -       0x00000224   Zero   RW          648    .bss                usb_device.o
    0x20000908        -       0x00000200   Zero   RW          693    .bss                usbd_desc.o
    0x20000b08        -       0x00000080   Zero   RW          764    .bss                tim.o
    0x20000b88        -       0x000000bd   Zero   RW          838    .bss                aerobeam.o
    0x20000c45   COMPRESSED   0x00000003   PAD
    0x20000c48        -       0x0000004c   Zero   RW          991    .bss                i2c.o
    0x20000c94        -       0x00000070   Zero   RW         1033    .bss                usart.o
    0x20000d04        -       0x00000080   Zero   RW         1089    .bss                bno055.o
    0x20000d84        -       0x00010000   Zero   RW         1211    .bss                eeprom.o
    0x20010d84        -       0x0000001c   Zero   RW         3511    .bss                stm32f7xx_hal_flash.o
    0x20010da0        -       0x00002000   Zero   RW         1255    HEAP                startup_stm32f767xx.o
    0x20012da0        -       0x00004000   Zero   RW         1254    STACK               startup_stm32f767xx.o


==============================================================================

Image component sizes


      Code (inc. data)   RO Data    RW Data    ZI Data      Debug   Object Name

      2506        254         71        220        189      20943   aerobeam.o
      2468        850        791         12        128      10455   bno055.o
       400          8          0          0      65536       4217   eeprom.o
       232         22          0          0          0       1007   gpio.o
       188         42          0          0         76       1585   i2c.o
       362         50          0          0          0       7739   main.o
        36          8        504          0      24576        796   startup_stm32f767xx.o
       112         18          0          4          0       3707   stm32f7xx_hal.o
       228         12          0          0          0      37141   stm32f7xx_hal_cortex.o
        36          0          0          0          0       1207   stm32f7xx_hal_dma.o
       524         68          0          0         28       6478   stm32f7xx_hal_flash.o
       304         22          0          0          0       3638   stm32f7xx_hal_flash_ex.o
       526         60          0          0          0       4960   stm32f7xx_hal_gpio.o
      1568         24          0          0          0      12058   stm32f7xx_hal_i2c.o
       172          0          0          0          0       1943   stm32f7xx_hal_i2c_ex.o
        88          0          0          0          0        518   stm32f7xx_hal_msp.o
      2314         72          0          0          0      11485   stm32f7xx_hal_pcd.o
       120          6          0          0          0       2460   stm32f7xx_hal_pcd_ex.o
       108          8          0          0          0       1248   stm32f7xx_hal_pwr_ex.o
      1272         70          0          0          0       5512   stm32f7xx_hal_rcc.o
      1340         22          0          0          0       2344   stm32f7xx_hal_rcc_ex.o
      1570        110          0          0          0      15598   stm32f7xx_hal_tim.o
       564         38          0          0          0       4906   stm32f7xx_hal_tim_ex.o
      1942         74          0          0          0      11276   stm32f7xx_hal_uart.o
        74         18          0          0          0       5851   stm32f7xx_it.o
      2380         52          0          0          0      20235   stm32f7xx_ll_usb.o
        84         16         24          4          0     878487   system_stm32f7xx.o
       456         72          0          0        128       2913   tim.o
       168         38          0          0        112       1618   usart.o
        56         18          0          0        548        716   usb_device.o
       594         20          0        275          0      12902   usbd_cdc.o
       132         28          0         16        128       4903   usbd_cdc_if.o
       806         44          0          0       1024      14999   usbd_conf.o
       626          0          0          0          0      11834   usbd_core.o
      1012         20          0          1          0       7972   usbd_ctlreq.o
       224        120          0         68        512       5699   usbd_desc.o
       132          0          0          0          0       4472   usbd_ioreq.o

    ----------------------------------------------------------------------
     25764       2284       1424        604      92988    1145822   Object Totals
         0          0         32          0          0          0   (incl. Generated)
        40          0          2          4          3          0   (incl. Padding)

    ----------------------------------------------------------------------

      Code (inc. data)   RO Data    RW Data    ZI Data      Debug   Library Member Name

        86          0          0          0          0          0   __dczerorl2.o
         0          0          0          0          0          0   entry.o
         0          0          0          0          0          0   entry10a.o
         0          0          0          0          0          0   entry11a.o
         8          4          0          0          0          0   entry2.o
         4          0          0          0          0          0   entry5.o
         0          0          0          0          0          0   entry7b.o
         0          0          0          0          0          0   entry8b.o
         8          4          0          0          0          0   entry9a.o
        30          0          0          0          0          0   handlers.o
        36          8          0          0          0         68   init.o
         0          0          0          0          0          0   iusefp.o
        30          0          0          0          0         68   llshl.o
        36          0          0          0          0         68   llsshr.o
        32          0          0          0          0         68   llushr.o
       188         20          0          0          0        160   malloc.o
        36          0          0          0          0         68   memcpya.o
        36          0          0          0          0        108   memseta.o
         0          0          0          8          0          0   mvars.o
      2272         86          0          0          0        516   printfa.o
        14          0          0          0          0         68   strlen.o
        44          0          0          0          0         80   uidiv.o
        98          0          0          0          0         92   uldiv.o
        48          0          0          0          0         68   cdrcmple.o
       334          0          0          0          0        148   dadd.o
       222          0          0          0          0        100   ddiv.o
       186          0          0          0          0        176   depilogue.o
        48          0          0          0          0         68   dfixul.o
       228          0          0          0          0         96   dmul.o

    ----------------------------------------------------------------------
      4028        122          0          8          0       2020   Library Totals
         4          0          0          0          0          0   (incl. Padding)

    ----------------------------------------------------------------------

      Code (inc. data)   RO Data    RW Data    ZI Data      Debug   Library Name

      2958        122          0          8          0       1364   mc_w.l
      1066          0          0          0          0        656   mf_w.l

    ----------------------------------------------------------------------
      4028        122          0          8          0       2020   Library Totals

    ----------------------------------------------------------------------

==============================================================================


      Code (inc. data)   RO Data    RW Data    ZI Data      Debug   

     29792       2406       1424        612      92988    1119286   Grand Totals
     29792       2406       1424        272      92988    1119286   ELF Image Totals (compressed)
     29792       2406       1424        272          0          0   ROM Totals

==============================================================================

    Total RO  Size (Code + RO Data)                31216 (  30.48kB)
    Total RW  Size (RW Data + ZI Data)             93600 (  91.41kB)
    Total ROM Size (Code + RO Data + RW Data)      31488 (  30.75kB)

==============================================================================

